INFO: Setting bounds and VA...
INFO: Setting up voltage area DEFAULT_VA
INFO: Setting up cell instances...
INFO: All fillers in the reference libraries will be considered during legalization/check legality
Information: Initializing site map 'unit' at {10 10} {522.24 521.632}.
INFO: Init siteMap unit with 3370 sites x 306 rows
Adding rule engine Basic Rules version 1.0.0...
Adding rule engine VT Implant Rules version 1.0.0...
Adding rule engine OD Rules version 1.0.0...
Adding rule engine TPO Rules version 1.0.0...
Adding rule engine Pin Access Rules version 1.0.0...
Adding rule engine Span Rules version 1.0.0...
Adding rule engine Index Rules version 1.0.0...
Adding rule engine Color Rules version 1.0.0...
Adding rule engine Inbound (PPNN) Rules version 1.0.0...
Adding rule engine PG DRC/VINS Rules version 1.0.0...
Adding rule engine Exp Rules version 1.0.0...
Adding rule engine N5 Soft Rules version 1.0.0...
2D rule auto detection will enable the following rules:
spacing_rule
pg_drc
INFO: Initializing CTS constraints...
WARNING: No via0 alignment grid is specified, via0 alignment rule will be ignored
WARNING: Please check place.legalize.via0_alignment_grid_name
Constructing pin color alignment legality info...
Initializing PG drc check engine...
Expand check halo by 0.1520 x 0.1520
Scanning PG objects...
PG hash cached 2 nets; 11 viaBoxes; 0 viaMatrices.
PG scanned 280 objects; 79325 vias; 0 staples.
PG scan complete.  Hash key = eb822d0a7a433e8c
Reading PG structure for 'zigbee_F.dlib:zigbee_F_routing.design'
Layer M1: read 0 secDefs  0 sectors
Layer M2: read 6 secDefs  31776 sectors
Layer M3: read 6 secDefs  31776 sectors
Layer M4: read 6 secDefs  31776 sectors
Layer M5: read 6 secDefs  31776 sectors
Layer M6: read 6 secDefs  31776 sectors
Layer M7: read 6 secDefs  31776 sectors
Layer M8: read 12 secDefs  21253 sectors
Layer M9: read 23 secDefs  4969 sectors
Layer MRDL: read 0 secDefs  0 sectors

Sector Array Stats:
Num Sectors: 216878
Num SecDefs:    71
Shared: 63 count; 3442.4 ave; 5390 max
SecDef Shapes: 51 Below-aligned, 0 Above-aligned, 12 Horizontal, 8 Vertical
Referenced Patterns: 4 count; 2.0 ave; 2 max

Place Cache read: 46898 elements -- 8 drcFail 46890 drcOk
Place Cache read: 99 libcells referenced from 2 libs
Place Cache read: used 6 of 71 total secDefs
Access Cache read: 48826 elements -- 3509 drcFail 45317 drcOk
Access Cache read: 130 libcells referenced from 3 libs
Access Cache read: used 6 of 71 total secDefs
Connection checks for layer M2: blocked_pin pin_access_default track_drc pin_extend0
Connection checks for layer M3: blocked_pin pin_access_default track_drc pin_extend1
Connection checks for layer M4: blocked_pin pin_access_default track_drc pin_extend1
Connection checks for layer M5: blocked_pin pin_access_default track_drc pin_extend1
INFO: Extracting M1 PG straps
INFO: Constructing BlkInst pin extension data for fast PG check
INFO: Constructing PG-Via/VIB/VINS layer info (VIA1/M2)...
INFO: PG-Via Abut check extension is 0
INFO: VIB check extension is 0
INFO: VINS check extension is 0
INFO: PG-Via(pg_via_abut) design rule for layer VIA1 and VIA1 not found
INFO: VIB(vib_abut) design rule for layer M2 and VIA1 not found
INFO: VINS(vins_abut) design rule for layer M2 and VIA1 not found
INFO: Enabling hard placement rule spacing_rule...
INFO: Enabling hard placement rule pg_drc...

Checking rule Overlap rule...

Checking rule Spacing Rule...

Checking rule Cell On Site Rule...

Checking rule Cell On Legal Orientation Rule...

Checking rule Check PG DRC rules...
Checking 4729 of 47293 cells...
Checking 9458 of 47293 cells...
Checking 14187 of 47293 cells...
Checking 18916 of 47293 cells...
Checking 23645 of 47293 cells...
Checking 28374 of 47293 cells...
Checking 33103 of 47293 cells...
Checking 37832 of 47293 cells...
Checking 42561 of 47293 cells...
Checking 47290 of 47293 cells...
================= 2D Rule Check Legality Report ===================
                                    Violating  Cells               
Legality Rules                 Moveable AppFixed UserFixed   Total 
-------------------------------------------------------------------
overlap                               0        0        0        0
spacing_rule                          0        0        0        0
cell_on_site                          0        0        0        0
legal_orient                          0        0        0        0
pg_drc                                0        0        0        0
-------------------------------------------------------------------
Total Violations                      0        0        0        0
===================================================================
NPLDRC Place Cache: unique cache elements 46898
NPLDRC Place Cache: read cache elements 46898
NPLDRC Place Cache: hit rate 100.0%  (0 / 30298)
NPLDRC Access Cache: unique cache elements 48826
NPLDRC Access Cache: read cache elements 48826
NPLDRC Access Cache: hit rate 100.0%  (0 / 30682)
NPLDRC Pin Status Cache: no calls
NPLDRC Multi Cell Cache: no calls
NPLDRC ViaLadder Cache: no calls
1
