****************************************
Report : timing
        -path_type full
        -delay_type max
        -max_paths 1
        -report_by design
Design : zigbee
Version: O-2018.06-SP1
Date   : Mon Sep 21 05:12:21 2026
****************************************
Information: Timer using 'SI, Timing Window Analysis, CRPR'. (TIM-050)

  Startpoint: rst_n (input port clocked by clk)
  Endpoint: payload_ram/mem_reg[88][4] (rising edge-triggered flip-flop clocked by clk)
  Mode: default
  Corner: default
  Scenario: default
  Path Group: clk
  Path Type: max

  Point                                            Incr      Path  
  ------------------------------------------------------------------------
  clock clk (rise edge)                            0.00      0.00
  clock network delay (ideal)                      0.21      0.21
  input external delay                             6.25      6.46

  rst_n (in)                                       0.00      6.46 f
  payload_ram/PLACE_HFSINV_1061_5395/Y (INVX1_RVT)
                                                   0.01      6.47 r
  payload_ram/PLACE_HFSINV_926_5394/Y (INVX1_RVT)
                                                   0.03      6.49 f
  payload_ram/U2050/Y (AND2X1_HVT)                 0.04      6.54 f
  payload_ram/U2049/Y (AND2X1_HVT)                 0.05      6.59 f
  payload_ram/U2048/Y (AND3X1_HVT)                 0.06      6.65 f
  payload_ram/OPT_copt_h_inst_45150/Y (DELLN2X2_HVT)
                                                   0.20      6.85 f
  payload_ram/OPT_copt_h_inst_45149/Y (DELLN3X2_HVT)
                                                   0.35      7.20 f
  payload_ram/PLACE_HFSINV_325_467/Y (INVX1_RVT)   0.03      7.23 r
  payload_ram/PLACE_HFSINV_150_464/Y (INVX1_RVT)   0.02      7.25 f
  payload_ram/U2006/Y (AND2X1_HVT)                 0.06      7.31 f
  payload_ram/PLACE_HFSINV_205_336/Y (INVX2_RVT)   0.05      7.36 r
  payload_ram/PLACE_HFSINV_144_334/Y (INVX1_RVT)   0.06      7.42 f
  payload_ram/U2001/Y (MUX21X1_HVT)                0.08      7.50 f
  payload_ram/OPT_copt_h_inst_35088/Y (DELLN3X2_HVT)
                                                   0.35      7.85 f
  payload_ram/OPT_copt_h_inst_35089/Y (DELLN3X2_HVT)
                                                   0.34      8.19 f
  payload_ram/mem_reg[88][4]/D (DFFX1_HVT)         0.00      8.19 f
  data arrival time                                          8.19

  clock clk (rise edge)                           31.25     31.25
  clock network delay (propagated)                 0.17     31.42
  clock reconvergence pessimism                    0.00     31.42
  payload_ram/mem_reg[88][4]/CLK (DFFX1_HVT)       0.00     31.42 r
  clock uncertainty                               -0.94     30.48
  library setup time                              -0.02     30.46
  data required time                                        30.46
  ------------------------------------------------------------------------
  data required time                                        30.46
  data arrival time                                         -8.19
  ------------------------------------------------------------------------
  slack (MET)                                               22.28


1
