****************************************
Report : net
Design : zigbee
Version: O-2018.06-SP1
Date   : Mon Sep 21 03:59:10 2026
****************************************

Attributes
    d - user dont_touch
    D - derived dont_touch


Net                 Fanout    Fanin   Pins         Attributes
--------------------------------------------------------------------------------
*Logic0*                 0        0      0         
PLACE_HFSNET_5231        5        1      6         
PLACE_HFSNET_5233        2        1      3         
PLACE_HFSNET_5234        5        1      6         
PLACE_HFSNET_5235        5        1      6         
PLACE_HFSNET_5236        4        1      5         
PLACE_HFSNET_5247        4        1      5         
PLACE_HFSNET_5248        5        1      6         
PLACE_HFSNET_5249        3        1      4         
PLACE_HFSNET_5251        3        1      4         
PLACE_HFSNET_5255        4        1      5         
PLACE_HFSNET_5256        1        1      2         
PLACE_HFSNET_5257        3        1      4         
PLACE_HFSNET_5258        1        1      2         
PLACE_HFSNET_5263        5        1      6         
PLACE_HFSNET_5264        5        1      6         
PLACE_HFSNET_5269        5        1      6         
PLACE_HFSNET_5273        3        1      4         
PLACE_HFSNET_5275        1        1      2         
PLACE_HFSNET_553         3        1      4         
PLACE_HFSNET_554         1        1      2         
PLACE_HFSNET_557         5        1      6         
PLACE_HFSNET_558         5        1      6         
PLACE_HFSNET_592         5        1      6         
PLACE_HFSNET_637         5        1      6         
PLACE_HFSNET_643         2        1      3         
PLACE_HFSNET_644         5        1      6         
PLACE_HFSNET_692         3        1      4         
PLACE_HFSNET_693         5        1      6         
PLACE_HFSNET_699         5        1      6         
PLACE_HFSNET_700         1        1      2         
PLACE_HFSNET_747         2        1      3         
PLACE_HFSNET_755         5        1      6         
PLACE_HFSNET_756         4        1      5         
PLACE_HFSNET_799         3        1      4         
PLACE_HFSNET_851         3        1      4         
PLACE_HFSNET_852         5        1      6         
PLACE_HFSNET_905         2        1      3         
PLACE_HFSNET_956         2        1      3         
PLACE_HFSNET_957         3        1      4         
VDD                      0        0      0         
VSS                      0        0      0         
clk                   6154        1   6155         
counter_wren             2        1      3         
demux_valid              5        1      6         
e_demux_branch[0]        2        1      3         
e_demux_branch[1]        2        1      3         
e_demux_branch[2]        2        1      3         
n3                       1        1      2         
o_demux_branch[0]        2        1      3         
o_demux_branch[1]        2        1      3         
o_demux_branch[2]        2        1      3         
optlc_net_373            1        1      2         
optlc_net_374            1        1      2         
optlc_net_375            1        1      2         
optlc_net_376            1        1      2         
optlc_net_377            1        1      2         
optlc_net_378            1        1      2         
optlc_net_379            1        1      2         
optlc_net_380            1        1      2         
optlc_net_381            1        1      2         
optlc_net_382            1        1      2         
optlc_net_383            1        1      2         
optlc_net_384            1        1      2         
optlc_net_385            1        1      2         
optlc_net_386            1        1      2         
optlc_net_387            1        1      2         
optlc_net_388            1        1      2         
optlc_net_389            1        1      2         
optlc_net_390            1        1      2         
optlc_net_391            1        1      2         
optlc_net_392            1        1      2         
optlc_net_393            1        1      2         
optlc_net_394            1        1      2         
optlc_net_395            1        1      2         
optlc_net_396            1        1      2         
optlc_net_397            1        1      2         
optlc_net_398            1        1      2         
optlc_net_399            1        1      2         
optlc_net_400            1        1      2         
optlc_net_401            1        1      2         
optlc_net_402            1        1      2         
optlc_net_403            1        1      2         
optlc_net_404            1        1      2         
optlc_net_405            1        1      2         
optlc_net_406            1        1      2         
optlc_net_407            1        1      2         
optlc_net_408            1        1      2         
optlc_net_409            1        1      2         
optlc_net_410            1        1      2         
optlc_net_411            1        1      2         
optlc_net_412            1        1      2         
optlc_net_413            1        1      2         
optlc_net_414            1        1      2         
optlc_net_415            1        1      2         
optlc_net_416            1        1      2         
optlc_net_417            1        1      2         
optlc_net_418            1        1      2         
optlc_net_419            1        1      2         
optlc_net_420            1        1      2         
optlc_net_421            1        1      2         
optlc_net_422            1        1      2         
optlc_net_423            1        1      2         
optlc_net_424            1        1      2         
optlc_net_425            1        1      2         
optlc_net_426            1        1      2         
optlc_net_427            1        1      2         
optlc_net_428            1        1      2         
optlc_net_429            1        1      2         
optlc_net_430            1        1      2         
optlc_net_431            1        1      2         
optlc_net_432            1        1      2         
optlc_net_433            1        1      2         
optlc_net_434            1        1      2         
optlc_net_435            1        1      2         
optlc_net_436            1        1      2         
optlc_net_437            1        1      2         
optlc_net_438            1        1      2         
optlc_net_439            1        1      2         
optlc_net_440            1        1      2         
optlc_net_441            1        1      2         
optlc_net_442            1        1      2         
optlc_net_443            1        1      2         
optlc_net_444            1        1      2         
optlc_net_445            1        1      2         
optlc_net_446            1        1      2         
optlc_net_447            1        1      2         
optlc_net_448            1        1      2         
optlc_net_449            1        1      2         
optlc_net_450            1        1      2         
optlc_net_451            1        1      2         
optlc_net_452            1        1      2         
optlc_net_453            1        1      2         
optlc_net_454            1        1      2         
optlc_net_455            1        1      2         
optlc_net_456            1        1      2         
optlc_net_457            1        1      2         
optlc_net_458            1        1      2         
optlc_net_459            1        1      2         
optlc_net_460            1        1      2         
optlc_net_461            1        1      2         
optlc_net_462            1        1      2         
optlc_net_463            1        1      2         
optlc_net_464            1        1      2         
optlc_net_465            1        1      2         
optlc_net_466            1        1      2         
optlc_net_467            1        1      2         
optlc_net_468            1        1      2         
optlc_net_469            1        1      2         
optlc_net_470            1        1      2         
optlc_net_471            1        1      2         
optlc_net_472            1        1      2         
optlc_net_473            1        1      2         
optlc_net_474            1        1      2         
optlc_net_475            1        1      2         
optlc_net_476            1        1      2         
optlc_net_477            1        1      2         
optlc_net_478            1        1      2         
optlc_net_479            1        1      2         
optlc_net_480            1        1      2         
optlc_net_481            1        1      2         
optlc_net_482            1        1      2         
optlc_net_483            1        1      2         
optlc_net_484            1        1      2         
optlc_net_485            1        1      2         
optlc_net_486            1        1      2         
optlc_net_487            1        1      2         
optlc_net_488            1        1      2         
optlc_net_489            1        1      2         
optlc_net_490            1        1      2         
optlc_net_491            1        1      2         
optlc_net_492            1        1      2         
optlc_net_493            1        1      2         
optlc_net_494            1        1      2         
optlc_net_495            1        1      2         
optlc_net_496            1        1      2         
optlc_net_497            1        1      2         
optlc_net_498            1        1      2         
optlc_net_499            1        1      2         
optlc_net_500            1        1      2         
optlc_net_501            1        1      2         
optlc_net_502            1        1      2         
optlc_net_503            1        1      2         
optlc_net_504            1        1      2         
optlc_net_505            1        1      2         
optlc_net_506            1        1      2         
optlc_net_507            1        1      2         
optlc_net_508            1        1      2         
optlc_net_509            1        1      2         
optlc_net_510            1        1      2         
optlc_net_511            1        1      2         
optlc_net_512            1        1      2         
optlc_net_513            1        1      2         
optlc_net_514            1        1      2         
optlc_net_515            1        1      2         
optlc_net_516            1        1      2         
optlc_net_517            1        1      2         
optlc_net_518            1        1      2         
optlc_net_519            1        1      2         
optlc_net_520            1        1      2         
optlc_net_521            1        1      2         
optlc_net_522            1        1      2         
optlc_net_523            1        1      2         
optlc_net_524            1        1      2         
optlc_net_525            1        1      2         
optlc_net_526            1        1      2         
optlc_net_527            1        1      2         
optlc_net_528            1        1      2         
optlc_net_529            1        1      2         
optlc_net_530            1        1      2         
optlc_net_531            1        1      2         
optlc_net_532            1        1      2         
optlc_net_533            1        1      2         
optlc_net_534            1        1      2         
optlc_net_535            1        1      2         
optlc_net_536            1        1      2         
optlc_net_537            1        1      2         
optlc_net_538            1        1      2         
optlc_net_539            1        1      2         
optlc_net_540            1        1      2         
optlc_net_541            1        1      2         
optlc_net_542            1        1      2         
optlc_net_543            1        1      2         
optlc_net_544            1        1      2         
optlc_net_545            1        1      2         
optlc_net_546            1        1      2         
optlc_net_547            1        1      2         
optlc_net_548            1        1      2         
optlc_net_549            1        1      2         
optlc_net_550            1        1      2         
optlc_net_551            1        1      2         
optlc_net_552            1        1      2         
optlc_net_553            1        1      2         
optlc_net_554            1        1      2         
optlc_net_555            1        1      2         
optlc_net_556            1        1      2         
optlc_net_557            1        1      2         
optlc_net_558            1        1      2         
optlc_net_559            1        1      2         
optlc_net_560            1        1      2         
optlc_net_561            1        1      2         
optlc_net_562            1        1      2         
optlc_net_563            1        1      2         
optlc_net_564            1        1      2         
optlc_net_565            1        1      2         
optlc_net_566            1        1      2         
optlc_net_567            1        1      2         
optlc_net_568            1        1      2         
optlc_net_569            1        1      2         
optlc_net_570            1        1      2         
optlc_net_571            1        1      2         
optlc_net_572            1        1      2         
optlc_net_573            1        1      2         
optlc_net_574            1        1      2         
optlc_net_575            1        1      2         
optlc_net_576            1        1      2         
optlc_net_577            1        1      2         
optlc_net_578            1        1      2         
optlc_net_579            1        1      2         
optlc_net_580            1        1      2         
optlc_net_581            1        1      2         
optlc_net_582            1        1      2         
optlc_net_583            1        1      2         
optlc_net_584            1        1      2         
optlc_net_585            1        1      2         
optlc_net_586            1        1      2         
optlc_net_587            1        1      2         
optlc_net_588            1        1      2         
optlc_net_589            1        1      2         
optlc_net_590            1        1      2         
optlc_net_591            1        1      2         
optlc_net_592            1        1      2         
optlc_net_593            1        1      2         
optlc_net_594            1        1      2         
optlc_net_595            1        1      2         
optlc_net_596            1        1      2         
optlc_net_597            1        1      2         
optlc_net_598            1        1      2         
optlc_net_599            1        1      2         
optlc_net_600            1        1      2         
optlc_net_601            1        1      2         
optlc_net_602            1        1      2         
optlc_net_603            1        1      2         
optlc_net_604            1        1      2         
optlc_net_605            1        1      2         
optlc_net_606            1        1      2         
optlc_net_607            1        1      2         
optlc_net_608            1        1      2         
optlc_net_609            1        1      2         
optlc_net_610            1        1      2         
payload[0]               1        1      2         
payload[1]               1        1      2         
payload[2]               1        1      2         
payload[3]               1        1      2         
payload[4]               1        1      2         
payload[5]               1        1      2         
payload[6]               1        1      2         
payload[7]               1        1      2         
payload_fifo_empty       2        1      3         
payload_fifo_full        1        1      2         
payload_fifo_out[0]      2        1      3         
payload_fifo_out[1]      2        1      3         
payload_fifo_out[2]      2        1      3         
payload_fifo_out[3]      2        1      3         
payload_fifo_out[4]      2        1      3         
payload_fifo_out[5]      2        1      3         
payload_fifo_out[6]      2        1      3         
payload_fifo_out[7]      2        1      3         
payload_length[0]        4        1      5         
payload_length[1]        4        1      5         
payload_length[2]        3        1      4         
payload_length[3]        3        1      4         
payload_length[4]        3        1      4         
payload_length[5]        3        1      4         
payload_length[6]        3        1      4         
ppdu_i                   1        1      2         
ppdu_q                   2        1      3         
ppdu_valid               3        1      4         
qpsk_imag_o[0]           5        1      6         
qpsk_imag_o[1]           3        1      4         
qpsk_real_o[0]           5        1      6         
qpsk_real_o[1]           3        1      4         
qpsk_valid               2        1      3         
rst_n                    4        1      5         
start_tx                 4        1      5         
tx_done                  5        1      6         
tx_imag[0]               1        1      2         
tx_imag[1]               1        1      2         
tx_imag[2]               1        1      2         
tx_imag[3]               1        1      2         
tx_imag[4]               1        1      2         
tx_imag[5]               1        1      2         
tx_imag[6]               1        1      2         
tx_imag[7]               1        1      2         
tx_real[0]               1        1      2         
tx_real[1]               1        1      2         
tx_real[2]               1        1      2         
tx_real[3]               1        1      2         
tx_real[4]               1        1      2         
tx_real[5]               1        1      2         
tx_real[6]               1        1      2         
tx_real[7]               1        1      2         
zeropadding_en           3        1      4         
zeropadding_nextitem
                         2        1      3         
zeropadding_out          3        1      4         
zeropadding_valid        5        1      6         

Attributes
    d - user dont_touch
    D - derived dont_touch

--------------------------------------------------------------------------------
Total 346 nets        6666      343   7009
Maximum               6154        1   6155
Average              19.27     0.99   20.26
1
