****************************************
Report : report_utilization
Design : zigbee
Version: O-2018.06-SP1
Date   : Mon Sep 21 03:59:10 2026
****************************************
Utilization Ratio:			0.3321
Utilization options:
 - Area calculation based on:		site_row of block zigbee_F_placement
 - Categories of objects excluded:	hard_macros macro_keepouts soft_macros io_cells hard_blockages 
Total Area:				262078.3757
Total Capacity Area:			262078.3757
Total Area of cells:			87044.3200
Area of excluded objects:
 - hard_macros         :		0.0000
 - macro_keepouts      :		0.0000
 - soft_macros         :		0.0000
 - io_cells            :		0.0000
 - hard_blockages      :		0.0000

Utilization of site-rows with:
 - Site 'unit':				0.3321

0.3321
