#@ # 
#@ # Running icc2_shell Version O-2018.06-SP1 for linux64 -- Jul 17, 2018
#@ # Date:   Sun Sep 20 02:15:50 2026
#@ # Run by: ICer@IC_EDA
#@ 

source -echo -verbose ../script/powerplan.tcl
win_set_filter -visible -class cell -filter {hard_macro_margin hard_margin route_blockage_margin soft_margin}
win_set_filter -visible -class placement_blockage -filter {wiring} -layer {0-82}
win_set_filter -expand_cell_types {soft_macro  }
win_set_select_class -visible {cell port bound routing_blockage shaping_blockage pg_region pin_blockage block_shielding topology_node topology_edge core_area die_area edit_group shape via terminal fill_cell placement_blockage }
win_set_filter -class cell -filter {cell_array hard_macro_margin hard_margin route_blockage_margin soft_margin}
win_set_filter -class placement_blockage -filter {wiring} -layer {0-82}
win_set_select_class {cell port bound routing_blockage shaping_blockage pg_region pin_blockage topology_node topology_edge edit_group shape via placement_blockage }
gui_zoom -window [gui_get_current_window -types Layout -view] -factor 2 -at_point {148.637 3.719}
gui_zoom -window [gui_get_current_window -types Layout -view] -factor 2 -at_point {148.589 3.855}
gui_zoom -window [gui_get_current_window -types Layout -view] -factor 2 -at_point {148.589 3.855}
gui_zoom -window [gui_get_current_window -types Layout -view] -factor 2 -at_point {148.567 3.870}
gui_zoom -window [gui_get_current_window -types Layout -view] -factor 2 -at_point {148.545 3.884}
gui_zoom -window [gui_get_current_window -types Layout -view] -factor 0.5 -at_point {148.810 4.206}
gui_zoom -window [gui_get_current_window -types Layout -view] -factor 0.5 -at_point {148.788 4.199}
gui_zoom -window [gui_get_current_window -types Layout -view] -factor 0.5 -at_point {148.767 4.209}
gui_zoom -window [gui_get_current_window -types Layout -view] -factor 2 -at_point {149.544 9.014}
gui_zoom -window [gui_get_current_window -types Layout -view] -factor 2 -at_point {149.522 9.025}
gui_zoom -window [gui_get_current_window -types Layout -view] -factor 2 -at_point {149.261 10.323}
gui_zoom -window [gui_get_current_window -types Layout -view] -factor 0.5 -at_point {149.261 10.315}
gui_zoom -window [gui_get_current_window -types Layout -view] -factor 0.5 -at_point {149.455 9.771}
gui_zoom -window [gui_get_current_window -types Layout -view] -factor 0.5 -at_point {149.529 7.827}
gui_zoom -window [gui_get_current_window -types Layout -view] -factor 2 -at_point {152.983 0.797}
gui_zoom -window [gui_get_current_window -types Layout -view] -factor 2 -at_point {152.958 0.815}
gui_scroll -window [gui_get_current_window -types Layout -view] -hrel 0.25
gui_zoom -window [gui_get_current_window -types Layout -view] -factor 0.5 -at_point {171.966 9.369}
gui_zoom -window [gui_get_current_window -types Layout -view] -factor 0.5 -at_point {171.975 9.330}
gui_zoom -window [gui_get_current_window -types Layout -view] -factor 0.5 -at_point {171.901 9.396}
gui_zoom -window [gui_get_current_window -types Layout -view] -factor 0.5 -at_point {171.901 9.205}
gui_show_error_data
gui_set_error_browser_option -show_mode selected
gui_set_error_browser_option -view_mode zoom
gui_set_error_browser_option -zoom_factor 1.000000
gui_set_error_browser_option -grouping type
gui_error_browser -show
gui_open_error_data -name {zigbee_F_powerplan_missingVia.err}
gui_open_error_data -name {zigbee_F_powerplan_floatingPG.err}
gui_open_error_data -name {DRC_report_by_check_pg_drc}
gui_set_current_errors -data_name {zigbee_F_powerplan_floatingPG.err} -group {Floating std cell pin violation}
gui_set_selected_errors -replace [gui_get_errors -data_name {zigbee_F_powerplan_floatingPG.err} -id {4977}] -force
check_pg_connectivity
exit
