INFO: [VRFC 10-2263] Analyzing Verilog file "D:/zigbee_fpga_implementation/zigbee_fpga_hybrid_implementation/zigbee_fpga_hybrid_implementation.srcs/sources_1/ip/clk_wiz_0/clk_wiz_0_clk_wiz.v" into library xil_defaultlib
INFO: [VRFC 10-311] analyzing module clk_wiz_0_clk_wiz
INFO: [VRFC 10-2263] Analyzing Verilog file "D:/zigbee_fpga_implementation/zigbee_fpga_hybrid_implementation/zigbee_fpga_hybrid_implementation.srcs/sources_1/ip/clk_wiz_0/clk_wiz_0.v" into library xil_defaultlib
INFO: [VRFC 10-311] analyzing module clk_wiz_0
INFO: [VRFC 10-2263] Analyzing Verilog file "C:/Users/runaw/Downloads/Zigbee-main/David_Sherif_Co-veri/RTL/CSK_GEN.v" into library xil_defaultlib
INFO: [VRFC 10-311] analyzing module CSK_GEN
INFO: [VRFC 10-2263] Analyzing Verilog file "C:/Users/runaw/Downloads/Zigbee-main/David_Sherif_Co-veri/RTL/DQPSK.v" into library xil_defaultlib
INFO: [VRFC 10-311] analyzing module DQPSK
INFO: [VRFC 10-2263] Analyzing Verilog file "C:/Users/runaw/Downloads/Zigbee-main/David_Sherif_Co-veri/RTL/FIFO_mem.v" into library xil_defaultlib
INFO: [VRFC 10-311] analyzing module FIFO_mem
INFO: [VRFC 10-2263] Analyzing Verilog file "C:/Users/runaw/Downloads/Zigbee-main/David_Sherif_Co-veri/RTL/controller.v" into library xil_defaultlib
INFO: [VRFC 10-311] analyzing module controller
INFO: [VRFC 10-2263] Analyzing Verilog file "C:/Users/runaw/Downloads/Zigbee-main/David_Sherif_Co-veri/RTL/dqpsk_csk_top.v" into library xil_defaultlib
INFO: [VRFC 10-311] analyzing module dqpsk_csk_top
INFO: [VRFC 10-2263] Analyzing Verilog file "C:/Users/runaw/Downloads/Zigbee-main/David_Sherif_Co-veri/RTL/e_o_demux.v" into library xil_defaultlib
INFO: [VRFC 10-311] analyzing module e_o_demux
INFO: [VRFC 10-2263] Analyzing Verilog file "C:/Users/runaw/Downloads/Zigbee-main/David_Sherif_Co-veri/RTL/form_ppdu.v" into library xil_defaultlib
INFO: [VRFC 10-311] analyzing module form_ppdu
INFO: [VRFC 10-2263] Analyzing Verilog file "C:/Users/runaw/Downloads/Zigbee-main/David_Sherif_Co-veri/RTL/interleaver.v" into library xil_defaultlib
INFO: [VRFC 10-311] analyzing module interleaver
INFO: [VRFC 10-2263] Analyzing Verilog file "C:/Users/runaw/Downloads/Zigbee-main/David_Sherif_Co-veri/RTL/posedge_detector.v" into library xil_defaultlib
INFO: [VRFC 10-311] analyzing module posedge_detector
INFO: [VRFC 10-2263] Analyzing Verilog file "C:/Users/runaw/Downloads/Zigbee-main/David_Sherif_Co-veri/RTL/preamble_sfd_gen.v" into library xil_defaultlib
INFO: [VRFC 10-311] analyzing module preamble_sfd_gen
INFO: [VRFC 10-2263] Analyzing Verilog file "C:/Users/runaw/Downloads/Zigbee-main/David_Sherif_Co-veri/RTL/qpsk_mapper.v" into library xil_defaultlib
INFO: [VRFC 10-311] analyzing module QPSK_mapper
INFO: [VRFC 10-2263] Analyzing Verilog file "C:/Users/runaw/Downloads/Zigbee-main/David_Sherif_Co-veri/RTL/symbol_mapper.v" into library xil_defaultlib
INFO: [VRFC 10-311] analyzing module symbol_mapper
INFO: [VRFC 10-2263] Analyzing Verilog file "C:/Users/runaw/Downloads/Zigbee-main/David_Sherif_Co-veri/RTL/top_sym_to_ppdu.v" into library xil_defaultlib
INFO: [VRFC 10-311] analyzing module top_sym_to_ppdu
INFO: [VRFC 10-2263] Analyzing Verilog file "D:/zigbee_fpga_implementation/zigbee_fpga_hybrid_implementation/zigbee_fpga_hybrid_implementation.srcs/sources_1/new/uart_rx.v" into library xil_defaultlib
INFO: [VRFC 10-311] analyzing module uart_rx
INFO: [VRFC 10-2263] Analyzing Verilog file "C:/Users/runaw/Downloads/Zigbee-main/David_Sherif_Co-veri/RTL/zeropadding.v" into library xil_defaultlib
INFO: [VRFC 10-311] analyzing module zeropadding
INFO: [VRFC 10-2263] Analyzing Verilog file "C:/Users/runaw/Downloads/Zigbee-main/David_Sherif_Co-veri/RTL/zigbee_fpga.v" into library xil_defaultlib
INFO: [VRFC 10-311] analyzing module zigbee_fpga
INFO: [VRFC 10-2263] Analyzing Verilog file "D:/zigbee_fpga_implementation/zigbee_fpga_hybrid_implementation/zigbee_fpga_hybrid_implementation.sim/sim_1/behav/xsim/glbl.v" into library xil_defaultlib
INFO: [VRFC 10-311] analyzing module glbl
