#@ # 
#@ # Running icc2_shell Version O-2018.06-SP1 for linux64 -- Jul 17, 2018
#@ # Date:   Mon Sep 21 04:52:49 2026
#@ # Run by: ICer@IC_EDA
#@ 

open_block ../../design_lib/outputs/fast/zigbee_F.dlib:zigbee_F_cts.design
open_gui
gui_start
gui_set_pref_value -category {SelectByNamePalette} -key {ObjectType} -value {Logical Cells}
link_block
win_set_filter -visible -class cell -filter {hard_macro_margin hard_margin route_blockage_margin soft_margin}
win_set_filter -visible -class placement_blockage -filter {wiring} -layer {0-82}
win_set_filter -expand_cell_types {soft_macro  }
win_set_select_class -visible {cell port bound routing_blockage shaping_blockage pg_region pin_blockage block_shielding topology_node topology_edge core_area die_area edit_group shape via terminal fill_cell placement_blockage }
win_set_filter -class cell -filter {cell_array hard_macro_margin hard_margin route_blockage_margin soft_margin}
win_set_filter -class placement_blockage -filter {wiring} -layer {0-82}
win_set_select_class {cell port bound routing_blockage shaping_blockage pg_region pin_blockage topology_node topology_edge edit_group shape via placement_blockage }
gui_show_error_data
gui_set_error_browser_option -show_mode selected
gui_set_error_browser_option -view_mode zoom
gui_set_error_browser_option -zoom_factor 1.000000
gui_set_error_browser_option -grouping type
gui_error_browser -show
gui_error_browser -hide
check_routes
gui_show_error_data
gui_error_browser -show
gui_open_error_data -name {zroute.err}
gui_open_error_data -name {zroute.err}
gui_set_current_errors -data_name {zroute.err}
gui_error_browser -hide
exit
