Copyright 1986-2018 Xilinx, Inc. All Rights Reserved.
-----------------------------------------------------------------------------------------------------------------------------------------------------------------------
| Tool Version : Vivado v.2018.2 (win64) Build 2258646 Thu Jun 14 20:03:12 MDT 2018
| Date         : Fri Sep 18 07:07:30 2026
| Host         : mazen running 64-bit major release  (build 9200)
| Command      : report_methodology -file zigbee_fpga_methodology_drc_routed.rpt -pb zigbee_fpga_methodology_drc_routed.pb -rpx zigbee_fpga_methodology_drc_routed.rpx
| Design       : zigbee_fpga
| Device       : xc7z020clg484-1
| Speed File   : -1
| Design State : Routed
-----------------------------------------------------------------------------------------------------------------------------------------------------------------------

Report Methodology

Table of Contents
-----------------
1. REPORT SUMMARY
2. REPORT DETAILS

1. REPORT SUMMARY
-----------------
            Netlist: netlist
          Floorplan: design_1
      Design limits: <entire design considered>
             Max violations: <unlimited>
             Violations found: 3
+-----------+----------+-------------------------------------------------------------+------------+
| Rule      | Severity | Description                                                 | Violations |
+-----------+----------+-------------------------------------------------------------+------------+
| TIMING-30 | Warning  | Sub-optimal master source pin selection for generated clock | 1          |
| XDCC-1    | Warning  | Scoped Clock constraint overwritten with the same name      | 1          |
| XDCC-7    | Warning  | Scoped Clock constraint overwritten on the same source      | 1          |
+-----------+----------+-------------------------------------------------------------+------------+

2. REPORT DETAILS
-----------------
TIMING-30#1 Warning
Sub-optimal master source pin selection for generated clock  
The generated clock clk_32 has a sub-optimal master source pin selection, timing can be pessimistic
Related violations: <none>

XDCC-1#1 Warning
Scoped Clock constraint overwritten with the same name  
A new clock constraint create_clock overrides a previous scoped clock constraint with the same name. It is not recommended to override a scoped (typically an IP) clock constraint and could result in unexpected behaviors.
New: create_clock -period 10.000 -name clk [get_ports clk] (Source: D:/zigbee_fpga_implementation/zigbee_fpga_hybrid_implementation/zigbee_fpga_hybrid_implementation.srcs/constrs_1/new/cons.xdc (Line: 51))
Previous: create_clock -period 10.000 [get_ports clk] (Source: d:/zigbee_fpga_implementation/zigbee_fpga_hybrid_implementation/zigbee_fpga_hybrid_implementation.srcs/sources_1/ip/clk_wiz_0/clk_wiz_0.xdc (Line: 56))
Related violations: <none>

XDCC-7#1 Warning
Scoped Clock constraint overwritten on the same source  
A new clock constraint create_clock overrides a previous scoped clock constraint defined on the same source. It is not recommended to override a scoped (typically an IP) clock constraint and could result in unexpected behaviors.
New: create_clock -period 10.000 -name clk [get_ports clk] (Source: D:/zigbee_fpga_implementation/zigbee_fpga_hybrid_implementation/zigbee_fpga_hybrid_implementation.srcs/constrs_1/new/cons.xdc (Line: 51))
Previous: create_clock -period 10.000 [get_ports clk] (Source: d:/zigbee_fpga_implementation/zigbee_fpga_hybrid_implementation/zigbee_fpga_hybrid_implementation.srcs/sources_1/ip/clk_wiz_0/clk_wiz_0.xdc (Line: 56))
Related violations: <none>


