**************************************************
Report         : passing_points

Reference      : ref:/WORK/zigbee
Implementation : imp:/WORK/zigbee
Version        : L-2016.03-SP1
Date           : Sun Sep 20 00:35:43 2026
**************************************************

206 Passing compare points:

  Ref  DFF        ref:/WORK/zigbee/DQPSK_CSK/DQPSK_DUT/valid_reg
  Impl DFF        imp:/WORK/zigbee/DQPSK_CSK/DQPSK_DUT/valid_reg

  Ref  DFF        ref:/WORK/zigbee/DQPSK_CSK/posedge_detector_DUT/delayed_in_reg
  Impl DFF        imp:/WORK/zigbee/DQPSK_CSK/posedge_detector_DUT/delayed_in_reg

  Ref  DFF        ref:/WORK/zigbee/DQPSK_CSK/tx_done_dly1_reg
  Impl DFF        imp:/WORK/zigbee/DQPSK_CSK/tx_done_dly1_reg

  Ref  DFF        ref:/WORK/zigbee/DQPSK_CSK/tx_done_dly2_reg
  Impl DFF        imp:/WORK/zigbee/DQPSK_CSK/tx_done_dly2_reg

  Ref  DFF        ref:/WORK/zigbee/DQPSK_CSK/tx_imag_reg[0]
  Impl DFF        imp:/WORK/zigbee/DQPSK_CSK/tx_imag_reg[0]

  Ref  DFF        ref:/WORK/zigbee/DQPSK_CSK/tx_imag_reg[1]
  Impl DFF        imp:/WORK/zigbee/DQPSK_CSK/tx_imag_reg[1]

  Ref  DFF        ref:/WORK/zigbee/DQPSK_CSK/tx_imag_reg[2]
  Impl DFF        imp:/WORK/zigbee/DQPSK_CSK/tx_imag_reg[2]

  Ref  DFF        ref:/WORK/zigbee/DQPSK_CSK/tx_real_reg[0]
  Impl DFF        imp:/WORK/zigbee/DQPSK_CSK/tx_real_reg[0]

  Ref  DFF        ref:/WORK/zigbee/DQPSK_CSK/tx_real_reg[1]
  Impl DFF        imp:/WORK/zigbee/DQPSK_CSK/tx_real_reg[1]

  Ref  DFF        ref:/WORK/zigbee/DQPSK_CSK/tx_real_reg[2]
  Impl DFF        imp:/WORK/zigbee/DQPSK_CSK/tx_real_reg[2]

  Ref  DFF        ref:/WORK/zigbee/QPSK/valid_reg
  Impl DFF        imp:/WORK/zigbee/QPSK/valid_reg

  Ref  DFF        ref:/WORK/zigbee/symbol_mapper_to_ppdu/u_form_ppdu/reg_data_i_reg[0]
  Impl DFF        imp:/WORK/zigbee/symbol_mapper_to_ppdu/u_form_ppdu/reg_data_i_reg[0]

  Ref  DFF        ref:/WORK/zigbee/symbol_mapper_to_ppdu/u_form_ppdu/reg_data_i_reg[10]
  Impl DFF        imp:/WORK/zigbee/symbol_mapper_to_ppdu/u_form_ppdu/reg_data_i_reg[10]

  Ref  DFF        ref:/WORK/zigbee/symbol_mapper_to_ppdu/u_form_ppdu/reg_data_i_reg[11]
  Impl DFF        imp:/WORK/zigbee/symbol_mapper_to_ppdu/u_form_ppdu/reg_data_i_reg[11]

  Ref  DFF        ref:/WORK/zigbee/symbol_mapper_to_ppdu/u_form_ppdu/reg_data_i_reg[12]
  Impl DFF        imp:/WORK/zigbee/symbol_mapper_to_ppdu/u_form_ppdu/reg_data_i_reg[12]

  Ref  DFF        ref:/WORK/zigbee/symbol_mapper_to_ppdu/u_form_ppdu/reg_data_i_reg[13]
  Impl DFF        imp:/WORK/zigbee/symbol_mapper_to_ppdu/u_form_ppdu/reg_data_i_reg[13]

  Ref  DFF        ref:/WORK/zigbee/symbol_mapper_to_ppdu/u_form_ppdu/reg_data_i_reg[14]
  Impl DFF        imp:/WORK/zigbee/symbol_mapper_to_ppdu/u_form_ppdu/reg_data_i_reg[14]

  Ref  DFF        ref:/WORK/zigbee/symbol_mapper_to_ppdu/u_form_ppdu/reg_data_i_reg[15]
  Impl DFF        imp:/WORK/zigbee/symbol_mapper_to_ppdu/u_form_ppdu/reg_data_i_reg[15]

  Ref  DFF        ref:/WORK/zigbee/symbol_mapper_to_ppdu/u_form_ppdu/reg_data_i_reg[16]
  Impl DFF        imp:/WORK/zigbee/symbol_mapper_to_ppdu/u_form_ppdu/reg_data_i_reg[16]

  Ref  DFF        ref:/WORK/zigbee/symbol_mapper_to_ppdu/u_form_ppdu/reg_data_i_reg[17]
  Impl DFF        imp:/WORK/zigbee/symbol_mapper_to_ppdu/u_form_ppdu/reg_data_i_reg[17]

  Ref  DFF        ref:/WORK/zigbee/symbol_mapper_to_ppdu/u_form_ppdu/reg_data_i_reg[18]
  Impl DFF        imp:/WORK/zigbee/symbol_mapper_to_ppdu/u_form_ppdu/reg_data_i_reg[18]

  Ref  DFF        ref:/WORK/zigbee/symbol_mapper_to_ppdu/u_form_ppdu/reg_data_i_reg[19]
  Impl DFF        imp:/WORK/zigbee/symbol_mapper_to_ppdu/u_form_ppdu/reg_data_i_reg[19]

  Ref  DFF        ref:/WORK/zigbee/symbol_mapper_to_ppdu/u_form_ppdu/reg_data_i_reg[1]
  Impl DFF        imp:/WORK/zigbee/symbol_mapper_to_ppdu/u_form_ppdu/reg_data_i_reg[1]

  Ref  DFF        ref:/WORK/zigbee/symbol_mapper_to_ppdu/u_form_ppdu/reg_data_i_reg[20]
  Impl DFF        imp:/WORK/zigbee/symbol_mapper_to_ppdu/u_form_ppdu/reg_data_i_reg[20]

  Ref  DFF        ref:/WORK/zigbee/symbol_mapper_to_ppdu/u_form_ppdu/reg_data_i_reg[21]
  Impl DFF        imp:/WORK/zigbee/symbol_mapper_to_ppdu/u_form_ppdu/reg_data_i_reg[21]

  Ref  DFF        ref:/WORK/zigbee/symbol_mapper_to_ppdu/u_form_ppdu/reg_data_i_reg[22]
  Impl DFF        imp:/WORK/zigbee/symbol_mapper_to_ppdu/u_form_ppdu/reg_data_i_reg[22]

  Ref  DFF        ref:/WORK/zigbee/symbol_mapper_to_ppdu/u_form_ppdu/reg_data_i_reg[23]
  Impl DFF        imp:/WORK/zigbee/symbol_mapper_to_ppdu/u_form_ppdu/reg_data_i_reg[23]

  Ref  DFF        ref:/WORK/zigbee/symbol_mapper_to_ppdu/u_form_ppdu/reg_data_i_reg[24]
  Impl DFF        imp:/WORK/zigbee/symbol_mapper_to_ppdu/u_form_ppdu/reg_data_i_reg[24]

  Ref  DFF        ref:/WORK/zigbee/symbol_mapper_to_ppdu/u_form_ppdu/reg_data_i_reg[25]
  Impl DFF        imp:/WORK/zigbee/symbol_mapper_to_ppdu/u_form_ppdu/reg_data_i_reg[25]

  Ref  DFF        ref:/WORK/zigbee/symbol_mapper_to_ppdu/u_form_ppdu/reg_data_i_reg[26]
  Impl DFF        imp:/WORK/zigbee/symbol_mapper_to_ppdu/u_form_ppdu/reg_data_i_reg[26]

  Ref  DFF        ref:/WORK/zigbee/symbol_mapper_to_ppdu/u_form_ppdu/reg_data_i_reg[27]
  Impl DFF        imp:/WORK/zigbee/symbol_mapper_to_ppdu/u_form_ppdu/reg_data_i_reg[27]

  Ref  DFF        ref:/WORK/zigbee/symbol_mapper_to_ppdu/u_form_ppdu/reg_data_i_reg[28]
  Impl DFF        imp:/WORK/zigbee/symbol_mapper_to_ppdu/u_form_ppdu/reg_data_i_reg[28]

  Ref  DFF        ref:/WORK/zigbee/symbol_mapper_to_ppdu/u_form_ppdu/reg_data_i_reg[29]
  Impl DFF        imp:/WORK/zigbee/symbol_mapper_to_ppdu/u_form_ppdu/reg_data_i_reg[29]

  Ref  DFF        ref:/WORK/zigbee/symbol_mapper_to_ppdu/u_form_ppdu/reg_data_i_reg[2]
  Impl DFF        imp:/WORK/zigbee/symbol_mapper_to_ppdu/u_form_ppdu/reg_data_i_reg[2]

  Ref  DFF        ref:/WORK/zigbee/symbol_mapper_to_ppdu/u_form_ppdu/reg_data_i_reg[30]
  Impl DFF        imp:/WORK/zigbee/symbol_mapper_to_ppdu/u_form_ppdu/reg_data_i_reg[30]

  Ref  DFF        ref:/WORK/zigbee/symbol_mapper_to_ppdu/u_form_ppdu/reg_data_i_reg[31]
  Impl DFF        imp:/WORK/zigbee/symbol_mapper_to_ppdu/u_form_ppdu/reg_data_i_reg[31]

  Ref  DFF        ref:/WORK/zigbee/symbol_mapper_to_ppdu/u_form_ppdu/reg_data_i_reg[32]
  Impl DFF        imp:/WORK/zigbee/symbol_mapper_to_ppdu/u_form_ppdu/reg_data_i_reg[32]

  Ref  DFF        ref:/WORK/zigbee/symbol_mapper_to_ppdu/u_form_ppdu/reg_data_i_reg[33]
  Impl DFF        imp:/WORK/zigbee/symbol_mapper_to_ppdu/u_form_ppdu/reg_data_i_reg[33]

  Ref  DFF        ref:/WORK/zigbee/symbol_mapper_to_ppdu/u_form_ppdu/reg_data_i_reg[34]
  Impl DFF        imp:/WORK/zigbee/symbol_mapper_to_ppdu/u_form_ppdu/reg_data_i_reg[34]

  Ref  DFF        ref:/WORK/zigbee/symbol_mapper_to_ppdu/u_form_ppdu/reg_data_i_reg[35]
  Impl DFF        imp:/WORK/zigbee/symbol_mapper_to_ppdu/u_form_ppdu/reg_data_i_reg[35]

  Ref  DFF        ref:/WORK/zigbee/symbol_mapper_to_ppdu/u_form_ppdu/reg_data_i_reg[36]
  Impl DFF        imp:/WORK/zigbee/symbol_mapper_to_ppdu/u_form_ppdu/reg_data_i_reg[36]

  Ref  DFF        ref:/WORK/zigbee/symbol_mapper_to_ppdu/u_form_ppdu/reg_data_i_reg[37]
  Impl DFF        imp:/WORK/zigbee/symbol_mapper_to_ppdu/u_form_ppdu/reg_data_i_reg[37]

  Ref  DFF        ref:/WORK/zigbee/symbol_mapper_to_ppdu/u_form_ppdu/reg_data_i_reg[38]
  Impl DFF        imp:/WORK/zigbee/symbol_mapper_to_ppdu/u_form_ppdu/reg_data_i_reg[38]

  Ref  DFF        ref:/WORK/zigbee/symbol_mapper_to_ppdu/u_form_ppdu/reg_data_i_reg[39]
  Impl DFF        imp:/WORK/zigbee/symbol_mapper_to_ppdu/u_form_ppdu/reg_data_i_reg[39]

  Ref  DFF        ref:/WORK/zigbee/symbol_mapper_to_ppdu/u_form_ppdu/reg_data_i_reg[3]
  Impl DFF        imp:/WORK/zigbee/symbol_mapper_to_ppdu/u_form_ppdu/reg_data_i_reg[3]

  Ref  DFF        ref:/WORK/zigbee/symbol_mapper_to_ppdu/u_form_ppdu/reg_data_i_reg[40]
  Impl DFF        imp:/WORK/zigbee/symbol_mapper_to_ppdu/u_form_ppdu/reg_data_i_reg[40]

  Ref  DFF        ref:/WORK/zigbee/symbol_mapper_to_ppdu/u_form_ppdu/reg_data_i_reg[41]
  Impl DFF        imp:/WORK/zigbee/symbol_mapper_to_ppdu/u_form_ppdu/reg_data_i_reg[41]

  Ref  DFF        ref:/WORK/zigbee/symbol_mapper_to_ppdu/u_form_ppdu/reg_data_i_reg[42]
  Impl DFF        imp:/WORK/zigbee/symbol_mapper_to_ppdu/u_form_ppdu/reg_data_i_reg[42]

  Ref  DFF        ref:/WORK/zigbee/symbol_mapper_to_ppdu/u_form_ppdu/reg_data_i_reg[43]
  Impl DFF        imp:/WORK/zigbee/symbol_mapper_to_ppdu/u_form_ppdu/reg_data_i_reg[43]

  Ref  DFF        ref:/WORK/zigbee/symbol_mapper_to_ppdu/u_form_ppdu/reg_data_i_reg[44]
  Impl DFF        imp:/WORK/zigbee/symbol_mapper_to_ppdu/u_form_ppdu/reg_data_i_reg[44]

  Ref  DFF        ref:/WORK/zigbee/symbol_mapper_to_ppdu/u_form_ppdu/reg_data_i_reg[45]
  Impl DFF        imp:/WORK/zigbee/symbol_mapper_to_ppdu/u_form_ppdu/reg_data_i_reg[45]

  Ref  DFF        ref:/WORK/zigbee/symbol_mapper_to_ppdu/u_form_ppdu/reg_data_i_reg[46]
  Impl DFF        imp:/WORK/zigbee/symbol_mapper_to_ppdu/u_form_ppdu/reg_data_i_reg[46]

  Ref  DFF        ref:/WORK/zigbee/symbol_mapper_to_ppdu/u_form_ppdu/reg_data_i_reg[47]
  Impl DFF        imp:/WORK/zigbee/symbol_mapper_to_ppdu/u_form_ppdu/reg_data_i_reg[47]

  Ref  DFF        ref:/WORK/zigbee/symbol_mapper_to_ppdu/u_form_ppdu/reg_data_i_reg[4]
  Impl DFF        imp:/WORK/zigbee/symbol_mapper_to_ppdu/u_form_ppdu/reg_data_i_reg[4]

  Ref  DFF        ref:/WORK/zigbee/symbol_mapper_to_ppdu/u_form_ppdu/reg_data_i_reg[5]
  Impl DFF        imp:/WORK/zigbee/symbol_mapper_to_ppdu/u_form_ppdu/reg_data_i_reg[5]

  Ref  DFF        ref:/WORK/zigbee/symbol_mapper_to_ppdu/u_form_ppdu/reg_data_i_reg[6]
  Impl DFF        imp:/WORK/zigbee/symbol_mapper_to_ppdu/u_form_ppdu/reg_data_i_reg[6]

  Ref  DFF        ref:/WORK/zigbee/symbol_mapper_to_ppdu/u_form_ppdu/reg_data_i_reg[7]
  Impl DFF        imp:/WORK/zigbee/symbol_mapper_to_ppdu/u_form_ppdu/reg_data_i_reg[7]

  Ref  DFF        ref:/WORK/zigbee/symbol_mapper_to_ppdu/u_form_ppdu/reg_data_i_reg[8]
  Impl DFF        imp:/WORK/zigbee/symbol_mapper_to_ppdu/u_form_ppdu/reg_data_i_reg[8]

  Ref  DFF        ref:/WORK/zigbee/symbol_mapper_to_ppdu/u_form_ppdu/reg_data_i_reg[9]
  Impl DFF        imp:/WORK/zigbee/symbol_mapper_to_ppdu/u_form_ppdu/reg_data_i_reg[9]

  Ref  DFF        ref:/WORK/zigbee/symbol_mapper_to_ppdu/u_form_ppdu/reg_data_q_reg[0]
  Impl DFF        imp:/WORK/zigbee/symbol_mapper_to_ppdu/u_form_ppdu/reg_data_q_reg[0]

  Ref  DFF        ref:/WORK/zigbee/symbol_mapper_to_ppdu/u_form_ppdu/reg_data_q_reg[10]
  Impl DFF        imp:/WORK/zigbee/symbol_mapper_to_ppdu/u_form_ppdu/reg_data_q_reg[10]

  Ref  DFF        ref:/WORK/zigbee/symbol_mapper_to_ppdu/u_form_ppdu/reg_data_q_reg[11]
  Impl DFF        imp:/WORK/zigbee/symbol_mapper_to_ppdu/u_form_ppdu/reg_data_q_reg[11]

  Ref  DFF        ref:/WORK/zigbee/symbol_mapper_to_ppdu/u_form_ppdu/reg_data_q_reg[12]
  Impl DFF        imp:/WORK/zigbee/symbol_mapper_to_ppdu/u_form_ppdu/reg_data_q_reg[12]

  Ref  DFF        ref:/WORK/zigbee/symbol_mapper_to_ppdu/u_form_ppdu/reg_data_q_reg[13]
  Impl DFF        imp:/WORK/zigbee/symbol_mapper_to_ppdu/u_form_ppdu/reg_data_q_reg[13]

  Ref  DFF        ref:/WORK/zigbee/symbol_mapper_to_ppdu/u_form_ppdu/reg_data_q_reg[14]
  Impl DFF        imp:/WORK/zigbee/symbol_mapper_to_ppdu/u_form_ppdu/reg_data_q_reg[14]

  Ref  DFF        ref:/WORK/zigbee/symbol_mapper_to_ppdu/u_form_ppdu/reg_data_q_reg[15]
  Impl DFF        imp:/WORK/zigbee/symbol_mapper_to_ppdu/u_form_ppdu/reg_data_q_reg[15]

  Ref  DFF        ref:/WORK/zigbee/symbol_mapper_to_ppdu/u_form_ppdu/reg_data_q_reg[16]
  Impl DFF        imp:/WORK/zigbee/symbol_mapper_to_ppdu/u_form_ppdu/reg_data_q_reg[16]

  Ref  DFF        ref:/WORK/zigbee/symbol_mapper_to_ppdu/u_form_ppdu/reg_data_q_reg[17]
  Impl DFF        imp:/WORK/zigbee/symbol_mapper_to_ppdu/u_form_ppdu/reg_data_q_reg[17]

  Ref  DFF        ref:/WORK/zigbee/symbol_mapper_to_ppdu/u_form_ppdu/reg_data_q_reg[18]
  Impl DFF        imp:/WORK/zigbee/symbol_mapper_to_ppdu/u_form_ppdu/reg_data_q_reg[18]

  Ref  DFF        ref:/WORK/zigbee/symbol_mapper_to_ppdu/u_form_ppdu/reg_data_q_reg[19]
  Impl DFF        imp:/WORK/zigbee/symbol_mapper_to_ppdu/u_form_ppdu/reg_data_q_reg[19]

  Ref  DFF        ref:/WORK/zigbee/symbol_mapper_to_ppdu/u_form_ppdu/reg_data_q_reg[1]
  Impl DFF        imp:/WORK/zigbee/symbol_mapper_to_ppdu/u_form_ppdu/reg_data_q_reg[1]

  Ref  DFF        ref:/WORK/zigbee/symbol_mapper_to_ppdu/u_form_ppdu/reg_data_q_reg[20]
  Impl DFF        imp:/WORK/zigbee/symbol_mapper_to_ppdu/u_form_ppdu/reg_data_q_reg[20]

  Ref  DFF        ref:/WORK/zigbee/symbol_mapper_to_ppdu/u_form_ppdu/reg_data_q_reg[21]
  Impl DFF        imp:/WORK/zigbee/symbol_mapper_to_ppdu/u_form_ppdu/reg_data_q_reg[21]

  Ref  DFF        ref:/WORK/zigbee/symbol_mapper_to_ppdu/u_form_ppdu/reg_data_q_reg[22]
  Impl DFF        imp:/WORK/zigbee/symbol_mapper_to_ppdu/u_form_ppdu/reg_data_q_reg[22]

  Ref  DFF        ref:/WORK/zigbee/symbol_mapper_to_ppdu/u_form_ppdu/reg_data_q_reg[23]
  Impl DFF        imp:/WORK/zigbee/symbol_mapper_to_ppdu/u_form_ppdu/reg_data_q_reg[23]

  Ref  DFF        ref:/WORK/zigbee/symbol_mapper_to_ppdu/u_form_ppdu/reg_data_q_reg[24]
  Impl DFF        imp:/WORK/zigbee/symbol_mapper_to_ppdu/u_form_ppdu/reg_data_q_reg[24]

  Ref  DFF        ref:/WORK/zigbee/symbol_mapper_to_ppdu/u_form_ppdu/reg_data_q_reg[25]
  Impl DFF        imp:/WORK/zigbee/symbol_mapper_to_ppdu/u_form_ppdu/reg_data_q_reg[25]

  Ref  DFF        ref:/WORK/zigbee/symbol_mapper_to_ppdu/u_form_ppdu/reg_data_q_reg[26]
  Impl DFF        imp:/WORK/zigbee/symbol_mapper_to_ppdu/u_form_ppdu/reg_data_q_reg[26]

  Ref  DFF        ref:/WORK/zigbee/symbol_mapper_to_ppdu/u_form_ppdu/reg_data_q_reg[27]
  Impl DFF        imp:/WORK/zigbee/symbol_mapper_to_ppdu/u_form_ppdu/reg_data_q_reg[27]

  Ref  DFF        ref:/WORK/zigbee/symbol_mapper_to_ppdu/u_form_ppdu/reg_data_q_reg[28]
  Impl DFF        imp:/WORK/zigbee/symbol_mapper_to_ppdu/u_form_ppdu/reg_data_q_reg[28]

  Ref  DFF        ref:/WORK/zigbee/symbol_mapper_to_ppdu/u_form_ppdu/reg_data_q_reg[29]
  Impl DFF        imp:/WORK/zigbee/symbol_mapper_to_ppdu/u_form_ppdu/reg_data_q_reg[29]

  Ref  DFF        ref:/WORK/zigbee/symbol_mapper_to_ppdu/u_form_ppdu/reg_data_q_reg[2]
  Impl DFF        imp:/WORK/zigbee/symbol_mapper_to_ppdu/u_form_ppdu/reg_data_q_reg[2]

  Ref  DFF        ref:/WORK/zigbee/symbol_mapper_to_ppdu/u_form_ppdu/reg_data_q_reg[30]
  Impl DFF        imp:/WORK/zigbee/symbol_mapper_to_ppdu/u_form_ppdu/reg_data_q_reg[30]

  Ref  DFF        ref:/WORK/zigbee/symbol_mapper_to_ppdu/u_form_ppdu/reg_data_q_reg[31]
  Impl DFF        imp:/WORK/zigbee/symbol_mapper_to_ppdu/u_form_ppdu/reg_data_q_reg[31]

  Ref  DFF        ref:/WORK/zigbee/symbol_mapper_to_ppdu/u_form_ppdu/reg_data_q_reg[32]
  Impl DFF        imp:/WORK/zigbee/symbol_mapper_to_ppdu/u_form_ppdu/reg_data_q_reg[32]

  Ref  DFF        ref:/WORK/zigbee/symbol_mapper_to_ppdu/u_form_ppdu/reg_data_q_reg[33]
  Impl DFF        imp:/WORK/zigbee/symbol_mapper_to_ppdu/u_form_ppdu/reg_data_q_reg[33]

  Ref  DFF        ref:/WORK/zigbee/symbol_mapper_to_ppdu/u_form_ppdu/reg_data_q_reg[34]
  Impl DFF        imp:/WORK/zigbee/symbol_mapper_to_ppdu/u_form_ppdu/reg_data_q_reg[34]

  Ref  DFF        ref:/WORK/zigbee/symbol_mapper_to_ppdu/u_form_ppdu/reg_data_q_reg[35]
  Impl DFF        imp:/WORK/zigbee/symbol_mapper_to_ppdu/u_form_ppdu/reg_data_q_reg[35]

  Ref  DFF        ref:/WORK/zigbee/symbol_mapper_to_ppdu/u_form_ppdu/reg_data_q_reg[36]
  Impl DFF        imp:/WORK/zigbee/symbol_mapper_to_ppdu/u_form_ppdu/reg_data_q_reg[36]

  Ref  DFF        ref:/WORK/zigbee/symbol_mapper_to_ppdu/u_form_ppdu/reg_data_q_reg[37]
  Impl DFF        imp:/WORK/zigbee/symbol_mapper_to_ppdu/u_form_ppdu/reg_data_q_reg[37]

  Ref  DFF        ref:/WORK/zigbee/symbol_mapper_to_ppdu/u_form_ppdu/reg_data_q_reg[38]
  Impl DFF        imp:/WORK/zigbee/symbol_mapper_to_ppdu/u_form_ppdu/reg_data_q_reg[38]

  Ref  DFF        ref:/WORK/zigbee/symbol_mapper_to_ppdu/u_form_ppdu/reg_data_q_reg[39]
  Impl DFF        imp:/WORK/zigbee/symbol_mapper_to_ppdu/u_form_ppdu/reg_data_q_reg[39]

  Ref  DFF        ref:/WORK/zigbee/symbol_mapper_to_ppdu/u_form_ppdu/reg_data_q_reg[3]
  Impl DFF        imp:/WORK/zigbee/symbol_mapper_to_ppdu/u_form_ppdu/reg_data_q_reg[3]

  Ref  DFF        ref:/WORK/zigbee/symbol_mapper_to_ppdu/u_form_ppdu/reg_data_q_reg[40]
  Impl DFF        imp:/WORK/zigbee/symbol_mapper_to_ppdu/u_form_ppdu/reg_data_q_reg[40]

  Ref  DFF        ref:/WORK/zigbee/symbol_mapper_to_ppdu/u_form_ppdu/reg_data_q_reg[41]
  Impl DFF        imp:/WORK/zigbee/symbol_mapper_to_ppdu/u_form_ppdu/reg_data_q_reg[41]

  Ref  DFF        ref:/WORK/zigbee/symbol_mapper_to_ppdu/u_form_ppdu/reg_data_q_reg[42]
  Impl DFF        imp:/WORK/zigbee/symbol_mapper_to_ppdu/u_form_ppdu/reg_data_q_reg[42]

  Ref  DFF        ref:/WORK/zigbee/symbol_mapper_to_ppdu/u_form_ppdu/reg_data_q_reg[43]
  Impl DFF        imp:/WORK/zigbee/symbol_mapper_to_ppdu/u_form_ppdu/reg_data_q_reg[43]

  Ref  DFF        ref:/WORK/zigbee/symbol_mapper_to_ppdu/u_form_ppdu/reg_data_q_reg[44]
  Impl DFF        imp:/WORK/zigbee/symbol_mapper_to_ppdu/u_form_ppdu/reg_data_q_reg[44]

  Ref  DFF        ref:/WORK/zigbee/symbol_mapper_to_ppdu/u_form_ppdu/reg_data_q_reg[45]
  Impl DFF        imp:/WORK/zigbee/symbol_mapper_to_ppdu/u_form_ppdu/reg_data_q_reg[45]

  Ref  DFF        ref:/WORK/zigbee/symbol_mapper_to_ppdu/u_form_ppdu/reg_data_q_reg[46]
  Impl DFF        imp:/WORK/zigbee/symbol_mapper_to_ppdu/u_form_ppdu/reg_data_q_reg[46]

  Ref  DFF        ref:/WORK/zigbee/symbol_mapper_to_ppdu/u_form_ppdu/reg_data_q_reg[47]
  Impl DFF        imp:/WORK/zigbee/symbol_mapper_to_ppdu/u_form_ppdu/reg_data_q_reg[47]

  Ref  DFF        ref:/WORK/zigbee/symbol_mapper_to_ppdu/u_form_ppdu/reg_data_q_reg[4]
  Impl DFF        imp:/WORK/zigbee/symbol_mapper_to_ppdu/u_form_ppdu/reg_data_q_reg[4]

  Ref  DFF        ref:/WORK/zigbee/symbol_mapper_to_ppdu/u_form_ppdu/reg_data_q_reg[5]
  Impl DFF        imp:/WORK/zigbee/symbol_mapper_to_ppdu/u_form_ppdu/reg_data_q_reg[5]

  Ref  DFF        ref:/WORK/zigbee/symbol_mapper_to_ppdu/u_form_ppdu/reg_data_q_reg[6]
  Impl DFF        imp:/WORK/zigbee/symbol_mapper_to_ppdu/u_form_ppdu/reg_data_q_reg[6]

  Ref  DFF        ref:/WORK/zigbee/symbol_mapper_to_ppdu/u_form_ppdu/reg_data_q_reg[7]
  Impl DFF        imp:/WORK/zigbee/symbol_mapper_to_ppdu/u_form_ppdu/reg_data_q_reg[7]

  Ref  DFF        ref:/WORK/zigbee/symbol_mapper_to_ppdu/u_form_ppdu/reg_data_q_reg[8]
  Impl DFF        imp:/WORK/zigbee/symbol_mapper_to_ppdu/u_form_ppdu/reg_data_q_reg[8]

  Ref  DFF        ref:/WORK/zigbee/symbol_mapper_to_ppdu/u_form_ppdu/reg_data_q_reg[9]
  Impl DFF        imp:/WORK/zigbee/symbol_mapper_to_ppdu/u_form_ppdu/reg_data_q_reg[9]

  Ref  DFF        ref:/WORK/zigbee/symbol_mapper_to_ppdu/u_form_ppdu/reg_valid_reg[0]
  Impl DFF        imp:/WORK/zigbee/symbol_mapper_to_ppdu/u_form_ppdu/reg_valid_reg[0]

  Ref  DFF        ref:/WORK/zigbee/symbol_mapper_to_ppdu/u_form_ppdu/reg_valid_reg[10]
  Impl DFF        imp:/WORK/zigbee/symbol_mapper_to_ppdu/u_form_ppdu/reg_valid_reg[10]

  Ref  DFF        ref:/WORK/zigbee/symbol_mapper_to_ppdu/u_form_ppdu/reg_valid_reg[11]
  Impl DFF        imp:/WORK/zigbee/symbol_mapper_to_ppdu/u_form_ppdu/reg_valid_reg[11]

  Ref  DFF        ref:/WORK/zigbee/symbol_mapper_to_ppdu/u_form_ppdu/reg_valid_reg[12]
  Impl DFF        imp:/WORK/zigbee/symbol_mapper_to_ppdu/u_form_ppdu/reg_valid_reg[12]

  Ref  DFF        ref:/WORK/zigbee/symbol_mapper_to_ppdu/u_form_ppdu/reg_valid_reg[13]
  Impl DFF        imp:/WORK/zigbee/symbol_mapper_to_ppdu/u_form_ppdu/reg_valid_reg[13]

  Ref  DFF        ref:/WORK/zigbee/symbol_mapper_to_ppdu/u_form_ppdu/reg_valid_reg[14]
  Impl DFF        imp:/WORK/zigbee/symbol_mapper_to_ppdu/u_form_ppdu/reg_valid_reg[14]

  Ref  DFF        ref:/WORK/zigbee/symbol_mapper_to_ppdu/u_form_ppdu/reg_valid_reg[15]
  Impl DFF        imp:/WORK/zigbee/symbol_mapper_to_ppdu/u_form_ppdu/reg_valid_reg[15]

  Ref  DFF        ref:/WORK/zigbee/symbol_mapper_to_ppdu/u_form_ppdu/reg_valid_reg[16]
  Impl DFF        imp:/WORK/zigbee/symbol_mapper_to_ppdu/u_form_ppdu/reg_valid_reg[16]

  Ref  DFF        ref:/WORK/zigbee/symbol_mapper_to_ppdu/u_form_ppdu/reg_valid_reg[17]
  Impl DFF        imp:/WORK/zigbee/symbol_mapper_to_ppdu/u_form_ppdu/reg_valid_reg[17]

  Ref  DFF        ref:/WORK/zigbee/symbol_mapper_to_ppdu/u_form_ppdu/reg_valid_reg[18]
  Impl DFF        imp:/WORK/zigbee/symbol_mapper_to_ppdu/u_form_ppdu/reg_valid_reg[18]

  Ref  DFF        ref:/WORK/zigbee/symbol_mapper_to_ppdu/u_form_ppdu/reg_valid_reg[19]
  Impl DFF        imp:/WORK/zigbee/symbol_mapper_to_ppdu/u_form_ppdu/reg_valid_reg[19]

  Ref  DFF        ref:/WORK/zigbee/symbol_mapper_to_ppdu/u_form_ppdu/reg_valid_reg[1]
  Impl DFF        imp:/WORK/zigbee/symbol_mapper_to_ppdu/u_form_ppdu/reg_valid_reg[1]

  Ref  DFF        ref:/WORK/zigbee/symbol_mapper_to_ppdu/u_form_ppdu/reg_valid_reg[20]
  Impl DFF        imp:/WORK/zigbee/symbol_mapper_to_ppdu/u_form_ppdu/reg_valid_reg[20]

  Ref  DFF        ref:/WORK/zigbee/symbol_mapper_to_ppdu/u_form_ppdu/reg_valid_reg[21]
  Impl DFF        imp:/WORK/zigbee/symbol_mapper_to_ppdu/u_form_ppdu/reg_valid_reg[21]

  Ref  DFF        ref:/WORK/zigbee/symbol_mapper_to_ppdu/u_form_ppdu/reg_valid_reg[22]
  Impl DFF        imp:/WORK/zigbee/symbol_mapper_to_ppdu/u_form_ppdu/reg_valid_reg[22]

  Ref  DFF        ref:/WORK/zigbee/symbol_mapper_to_ppdu/u_form_ppdu/reg_valid_reg[23]
  Impl DFF        imp:/WORK/zigbee/symbol_mapper_to_ppdu/u_form_ppdu/reg_valid_reg[23]

  Ref  DFF        ref:/WORK/zigbee/symbol_mapper_to_ppdu/u_form_ppdu/reg_valid_reg[24]
  Impl DFF        imp:/WORK/zigbee/symbol_mapper_to_ppdu/u_form_ppdu/reg_valid_reg[24]

  Ref  DFF        ref:/WORK/zigbee/symbol_mapper_to_ppdu/u_form_ppdu/reg_valid_reg[25]
  Impl DFF        imp:/WORK/zigbee/symbol_mapper_to_ppdu/u_form_ppdu/reg_valid_reg[25]

  Ref  DFF        ref:/WORK/zigbee/symbol_mapper_to_ppdu/u_form_ppdu/reg_valid_reg[26]
  Impl DFF        imp:/WORK/zigbee/symbol_mapper_to_ppdu/u_form_ppdu/reg_valid_reg[26]

  Ref  DFF        ref:/WORK/zigbee/symbol_mapper_to_ppdu/u_form_ppdu/reg_valid_reg[27]
  Impl DFF        imp:/WORK/zigbee/symbol_mapper_to_ppdu/u_form_ppdu/reg_valid_reg[27]

  Ref  DFF        ref:/WORK/zigbee/symbol_mapper_to_ppdu/u_form_ppdu/reg_valid_reg[28]
  Impl DFF        imp:/WORK/zigbee/symbol_mapper_to_ppdu/u_form_ppdu/reg_valid_reg[28]

  Ref  DFF        ref:/WORK/zigbee/symbol_mapper_to_ppdu/u_form_ppdu/reg_valid_reg[29]
  Impl DFF        imp:/WORK/zigbee/symbol_mapper_to_ppdu/u_form_ppdu/reg_valid_reg[29]

  Ref  DFF        ref:/WORK/zigbee/symbol_mapper_to_ppdu/u_form_ppdu/reg_valid_reg[2]
  Impl DFF        imp:/WORK/zigbee/symbol_mapper_to_ppdu/u_form_ppdu/reg_valid_reg[2]

  Ref  DFF        ref:/WORK/zigbee/symbol_mapper_to_ppdu/u_form_ppdu/reg_valid_reg[30]
  Impl DFF        imp:/WORK/zigbee/symbol_mapper_to_ppdu/u_form_ppdu/reg_valid_reg[30]

  Ref  DFF        ref:/WORK/zigbee/symbol_mapper_to_ppdu/u_form_ppdu/reg_valid_reg[31]
  Impl DFF        imp:/WORK/zigbee/symbol_mapper_to_ppdu/u_form_ppdu/reg_valid_reg[31]

  Ref  DFF        ref:/WORK/zigbee/symbol_mapper_to_ppdu/u_form_ppdu/reg_valid_reg[32]
  Impl DFF        imp:/WORK/zigbee/symbol_mapper_to_ppdu/u_form_ppdu/reg_valid_reg[32]

  Ref  DFF        ref:/WORK/zigbee/symbol_mapper_to_ppdu/u_form_ppdu/reg_valid_reg[33]
  Impl DFF        imp:/WORK/zigbee/symbol_mapper_to_ppdu/u_form_ppdu/reg_valid_reg[33]

  Ref  DFF        ref:/WORK/zigbee/symbol_mapper_to_ppdu/u_form_ppdu/reg_valid_reg[34]
  Impl DFF        imp:/WORK/zigbee/symbol_mapper_to_ppdu/u_form_ppdu/reg_valid_reg[34]

  Ref  DFF        ref:/WORK/zigbee/symbol_mapper_to_ppdu/u_form_ppdu/reg_valid_reg[35]
  Impl DFF        imp:/WORK/zigbee/symbol_mapper_to_ppdu/u_form_ppdu/reg_valid_reg[35]

  Ref  DFF        ref:/WORK/zigbee/symbol_mapper_to_ppdu/u_form_ppdu/reg_valid_reg[36]
  Impl DFF        imp:/WORK/zigbee/symbol_mapper_to_ppdu/u_form_ppdu/reg_valid_reg[36]

  Ref  DFF        ref:/WORK/zigbee/symbol_mapper_to_ppdu/u_form_ppdu/reg_valid_reg[37]
  Impl DFF        imp:/WORK/zigbee/symbol_mapper_to_ppdu/u_form_ppdu/reg_valid_reg[37]

  Ref  DFF        ref:/WORK/zigbee/symbol_mapper_to_ppdu/u_form_ppdu/reg_valid_reg[38]
  Impl DFF        imp:/WORK/zigbee/symbol_mapper_to_ppdu/u_form_ppdu/reg_valid_reg[38]

  Ref  DFF        ref:/WORK/zigbee/symbol_mapper_to_ppdu/u_form_ppdu/reg_valid_reg[39]
  Impl DFF        imp:/WORK/zigbee/symbol_mapper_to_ppdu/u_form_ppdu/reg_valid_reg[39]

  Ref  DFF        ref:/WORK/zigbee/symbol_mapper_to_ppdu/u_form_ppdu/reg_valid_reg[3]
  Impl DFF        imp:/WORK/zigbee/symbol_mapper_to_ppdu/u_form_ppdu/reg_valid_reg[3]

  Ref  DFF        ref:/WORK/zigbee/symbol_mapper_to_ppdu/u_form_ppdu/reg_valid_reg[40]
  Impl DFF        imp:/WORK/zigbee/symbol_mapper_to_ppdu/u_form_ppdu/reg_valid_reg[40]

  Ref  DFF        ref:/WORK/zigbee/symbol_mapper_to_ppdu/u_form_ppdu/reg_valid_reg[41]
  Impl DFF        imp:/WORK/zigbee/symbol_mapper_to_ppdu/u_form_ppdu/reg_valid_reg[41]

  Ref  DFF        ref:/WORK/zigbee/symbol_mapper_to_ppdu/u_form_ppdu/reg_valid_reg[42]
  Impl DFF        imp:/WORK/zigbee/symbol_mapper_to_ppdu/u_form_ppdu/reg_valid_reg[42]

  Ref  DFF        ref:/WORK/zigbee/symbol_mapper_to_ppdu/u_form_ppdu/reg_valid_reg[43]
  Impl DFF        imp:/WORK/zigbee/symbol_mapper_to_ppdu/u_form_ppdu/reg_valid_reg[43]

  Ref  DFF        ref:/WORK/zigbee/symbol_mapper_to_ppdu/u_form_ppdu/reg_valid_reg[44]
  Impl DFF        imp:/WORK/zigbee/symbol_mapper_to_ppdu/u_form_ppdu/reg_valid_reg[44]

  Ref  DFF        ref:/WORK/zigbee/symbol_mapper_to_ppdu/u_form_ppdu/reg_valid_reg[45]
  Impl DFF        imp:/WORK/zigbee/symbol_mapper_to_ppdu/u_form_ppdu/reg_valid_reg[45]

  Ref  DFF        ref:/WORK/zigbee/symbol_mapper_to_ppdu/u_form_ppdu/reg_valid_reg[46]
  Impl DFF        imp:/WORK/zigbee/symbol_mapper_to_ppdu/u_form_ppdu/reg_valid_reg[46]

  Ref  DFF        ref:/WORK/zigbee/symbol_mapper_to_ppdu/u_form_ppdu/reg_valid_reg[47]
  Impl DFF        imp:/WORK/zigbee/symbol_mapper_to_ppdu/u_form_ppdu/reg_valid_reg[47]

  Ref  DFF        ref:/WORK/zigbee/symbol_mapper_to_ppdu/u_form_ppdu/reg_valid_reg[4]
  Impl DFF        imp:/WORK/zigbee/symbol_mapper_to_ppdu/u_form_ppdu/reg_valid_reg[4]

  Ref  DFF        ref:/WORK/zigbee/symbol_mapper_to_ppdu/u_form_ppdu/reg_valid_reg[5]
  Impl DFF        imp:/WORK/zigbee/symbol_mapper_to_ppdu/u_form_ppdu/reg_valid_reg[5]

  Ref  DFF        ref:/WORK/zigbee/symbol_mapper_to_ppdu/u_form_ppdu/reg_valid_reg[6]
  Impl DFF        imp:/WORK/zigbee/symbol_mapper_to_ppdu/u_form_ppdu/reg_valid_reg[6]

  Ref  DFF        ref:/WORK/zigbee/symbol_mapper_to_ppdu/u_form_ppdu/reg_valid_reg[7]
  Impl DFF        imp:/WORK/zigbee/symbol_mapper_to_ppdu/u_form_ppdu/reg_valid_reg[7]

  Ref  DFF        ref:/WORK/zigbee/symbol_mapper_to_ppdu/u_form_ppdu/reg_valid_reg[8]
  Impl DFF        imp:/WORK/zigbee/symbol_mapper_to_ppdu/u_form_ppdu/reg_valid_reg[8]

  Ref  DFF        ref:/WORK/zigbee/symbol_mapper_to_ppdu/u_form_ppdu/reg_valid_reg[9]
  Impl DFF        imp:/WORK/zigbee/symbol_mapper_to_ppdu/u_form_ppdu/reg_valid_reg[9]

  Ref  DFF        ref:/WORK/zigbee/symbol_mapper_to_ppdu/u_preamble_sfd_gen/preamble_sfd_reg[0]
  Impl DFF        imp:/WORK/zigbee/symbol_mapper_to_ppdu/u_preamble_sfd_gen/preamble_sfd_reg[0]

  Ref  DFF        ref:/WORK/zigbee/symbol_mapper_to_ppdu/u_preamble_sfd_gen/preamble_sfd_reg[10]
  Impl DFF        imp:/WORK/zigbee/symbol_mapper_to_ppdu/u_preamble_sfd_gen/preamble_sfd_reg[10]

  Ref  DFF        ref:/WORK/zigbee/symbol_mapper_to_ppdu/u_preamble_sfd_gen/preamble_sfd_reg[11]
  Impl DFF        imp:/WORK/zigbee/symbol_mapper_to_ppdu/u_preamble_sfd_gen/preamble_sfd_reg[11]

  Ref  DFF        ref:/WORK/zigbee/symbol_mapper_to_ppdu/u_preamble_sfd_gen/preamble_sfd_reg[12]
  Impl DFF        imp:/WORK/zigbee/symbol_mapper_to_ppdu/u_preamble_sfd_gen/preamble_sfd_reg[12]

  Ref  DFF        ref:/WORK/zigbee/symbol_mapper_to_ppdu/u_preamble_sfd_gen/preamble_sfd_reg[13]
  Impl DFF        imp:/WORK/zigbee/symbol_mapper_to_ppdu/u_preamble_sfd_gen/preamble_sfd_reg[13]

  Ref  DFF        ref:/WORK/zigbee/symbol_mapper_to_ppdu/u_preamble_sfd_gen/preamble_sfd_reg[14]
  Impl DFF        imp:/WORK/zigbee/symbol_mapper_to_ppdu/u_preamble_sfd_gen/preamble_sfd_reg[14]

  Ref  DFF        ref:/WORK/zigbee/symbol_mapper_to_ppdu/u_preamble_sfd_gen/preamble_sfd_reg[15]
  Impl DFF        imp:/WORK/zigbee/symbol_mapper_to_ppdu/u_preamble_sfd_gen/preamble_sfd_reg[15]

  Ref  DFF        ref:/WORK/zigbee/symbol_mapper_to_ppdu/u_preamble_sfd_gen/preamble_sfd_reg[16]
  Impl DFF        imp:/WORK/zigbee/symbol_mapper_to_ppdu/u_preamble_sfd_gen/preamble_sfd_reg[16]

  Ref  DFF        ref:/WORK/zigbee/symbol_mapper_to_ppdu/u_preamble_sfd_gen/preamble_sfd_reg[17]
  Impl DFF        imp:/WORK/zigbee/symbol_mapper_to_ppdu/u_preamble_sfd_gen/preamble_sfd_reg[17]

  Ref  DFF        ref:/WORK/zigbee/symbol_mapper_to_ppdu/u_preamble_sfd_gen/preamble_sfd_reg[18]
  Impl DFF        imp:/WORK/zigbee/symbol_mapper_to_ppdu/u_preamble_sfd_gen/preamble_sfd_reg[18]

  Ref  DFF        ref:/WORK/zigbee/symbol_mapper_to_ppdu/u_preamble_sfd_gen/preamble_sfd_reg[19]
  Impl DFF        imp:/WORK/zigbee/symbol_mapper_to_ppdu/u_preamble_sfd_gen/preamble_sfd_reg[19]

  Ref  DFF        ref:/WORK/zigbee/symbol_mapper_to_ppdu/u_preamble_sfd_gen/preamble_sfd_reg[1]
  Impl DFF        imp:/WORK/zigbee/symbol_mapper_to_ppdu/u_preamble_sfd_gen/preamble_sfd_reg[1]

  Ref  DFF        ref:/WORK/zigbee/symbol_mapper_to_ppdu/u_preamble_sfd_gen/preamble_sfd_reg[20]
  Impl DFF        imp:/WORK/zigbee/symbol_mapper_to_ppdu/u_preamble_sfd_gen/preamble_sfd_reg[20]

  Ref  DFF        ref:/WORK/zigbee/symbol_mapper_to_ppdu/u_preamble_sfd_gen/preamble_sfd_reg[21]
  Impl DFF        imp:/WORK/zigbee/symbol_mapper_to_ppdu/u_preamble_sfd_gen/preamble_sfd_reg[21]

  Ref  DFF        ref:/WORK/zigbee/symbol_mapper_to_ppdu/u_preamble_sfd_gen/preamble_sfd_reg[22]
  Impl DFF        imp:/WORK/zigbee/symbol_mapper_to_ppdu/u_preamble_sfd_gen/preamble_sfd_reg[22]

  Ref  DFF        ref:/WORK/zigbee/symbol_mapper_to_ppdu/u_preamble_sfd_gen/preamble_sfd_reg[23]
  Impl DFF        imp:/WORK/zigbee/symbol_mapper_to_ppdu/u_preamble_sfd_gen/preamble_sfd_reg[23]

  Ref  DFF        ref:/WORK/zigbee/symbol_mapper_to_ppdu/u_preamble_sfd_gen/preamble_sfd_reg[24]
  Impl DFF        imp:/WORK/zigbee/symbol_mapper_to_ppdu/u_preamble_sfd_gen/preamble_sfd_reg[24]

  Ref  DFF        ref:/WORK/zigbee/symbol_mapper_to_ppdu/u_preamble_sfd_gen/preamble_sfd_reg[25]
  Impl DFF        imp:/WORK/zigbee/symbol_mapper_to_ppdu/u_preamble_sfd_gen/preamble_sfd_reg[25]

  Ref  DFF        ref:/WORK/zigbee/symbol_mapper_to_ppdu/u_preamble_sfd_gen/preamble_sfd_reg[26]
  Impl DFF        imp:/WORK/zigbee/symbol_mapper_to_ppdu/u_preamble_sfd_gen/preamble_sfd_reg[26]

  Ref  DFF        ref:/WORK/zigbee/symbol_mapper_to_ppdu/u_preamble_sfd_gen/preamble_sfd_reg[27]
  Impl DFF        imp:/WORK/zigbee/symbol_mapper_to_ppdu/u_preamble_sfd_gen/preamble_sfd_reg[27]

  Ref  DFF        ref:/WORK/zigbee/symbol_mapper_to_ppdu/u_preamble_sfd_gen/preamble_sfd_reg[28]
  Impl DFF        imp:/WORK/zigbee/symbol_mapper_to_ppdu/u_preamble_sfd_gen/preamble_sfd_reg[28]

  Ref  DFF        ref:/WORK/zigbee/symbol_mapper_to_ppdu/u_preamble_sfd_gen/preamble_sfd_reg[29]
  Impl DFF        imp:/WORK/zigbee/symbol_mapper_to_ppdu/u_preamble_sfd_gen/preamble_sfd_reg[29]

  Ref  DFF        ref:/WORK/zigbee/symbol_mapper_to_ppdu/u_preamble_sfd_gen/preamble_sfd_reg[2]
  Impl DFF        imp:/WORK/zigbee/symbol_mapper_to_ppdu/u_preamble_sfd_gen/preamble_sfd_reg[2]

  Ref  DFF        ref:/WORK/zigbee/symbol_mapper_to_ppdu/u_preamble_sfd_gen/preamble_sfd_reg[30]
  Impl DFF        imp:/WORK/zigbee/symbol_mapper_to_ppdu/u_preamble_sfd_gen/preamble_sfd_reg[30]

  Ref  DFF        ref:/WORK/zigbee/symbol_mapper_to_ppdu/u_preamble_sfd_gen/preamble_sfd_reg[31]
  Impl DFF        imp:/WORK/zigbee/symbol_mapper_to_ppdu/u_preamble_sfd_gen/preamble_sfd_reg[31]

  Ref  DFF        ref:/WORK/zigbee/symbol_mapper_to_ppdu/u_preamble_sfd_gen/preamble_sfd_reg[3]
  Impl DFF        imp:/WORK/zigbee/symbol_mapper_to_ppdu/u_preamble_sfd_gen/preamble_sfd_reg[3]

  Ref  DFF        ref:/WORK/zigbee/symbol_mapper_to_ppdu/u_preamble_sfd_gen/preamble_sfd_reg[4]
  Impl DFF        imp:/WORK/zigbee/symbol_mapper_to_ppdu/u_preamble_sfd_gen/preamble_sfd_reg[4]

  Ref  DFF        ref:/WORK/zigbee/symbol_mapper_to_ppdu/u_preamble_sfd_gen/preamble_sfd_reg[5]
  Impl DFF        imp:/WORK/zigbee/symbol_mapper_to_ppdu/u_preamble_sfd_gen/preamble_sfd_reg[5]

  Ref  DFF        ref:/WORK/zigbee/symbol_mapper_to_ppdu/u_preamble_sfd_gen/preamble_sfd_reg[6]
  Impl DFF        imp:/WORK/zigbee/symbol_mapper_to_ppdu/u_preamble_sfd_gen/preamble_sfd_reg[6]

  Ref  DFF        ref:/WORK/zigbee/symbol_mapper_to_ppdu/u_preamble_sfd_gen/preamble_sfd_reg[7]
  Impl DFF        imp:/WORK/zigbee/symbol_mapper_to_ppdu/u_preamble_sfd_gen/preamble_sfd_reg[7]

  Ref  DFF        ref:/WORK/zigbee/symbol_mapper_to_ppdu/u_preamble_sfd_gen/preamble_sfd_reg[8]
  Impl DFF        imp:/WORK/zigbee/symbol_mapper_to_ppdu/u_preamble_sfd_gen/preamble_sfd_reg[8]

  Ref  DFF        ref:/WORK/zigbee/symbol_mapper_to_ppdu/u_preamble_sfd_gen/preamble_sfd_reg[9]
  Impl DFF        imp:/WORK/zigbee/symbol_mapper_to_ppdu/u_preamble_sfd_gen/preamble_sfd_reg[9]

  Ref  DFF        ref:/WORK/zigbee/symbol_mapper_to_ppdu/u_symbol_mapper_even/o_valid_reg
  Impl DFF        imp:/WORK/zigbee/symbol_mapper_to_ppdu/u_symbol_mapper_even/o_valid_reg

  Ref  DFF        ref:/WORK/zigbee/symbol_mapper_to_ppdu/u_symbol_mapper_odd/o_valid_reg
  Impl DFF        imp:/WORK/zigbee/symbol_mapper_to_ppdu/u_symbol_mapper_odd/o_valid_reg

  Ref  Port       ref:/WORK/zigbee/tx_done
  Impl Port       imp:/WORK/zigbee/tx_done

  Ref  Port       ref:/WORK/zigbee/tx_imag[0]
  Impl Port       imp:/WORK/zigbee/tx_imag[0]

  Ref  Port       ref:/WORK/zigbee/tx_imag[1]
  Impl Port       imp:/WORK/zigbee/tx_imag[1]

  Ref  Port       ref:/WORK/zigbee/tx_imag[2]
  Impl Port       imp:/WORK/zigbee/tx_imag[2]

  Ref  Port       ref:/WORK/zigbee/tx_imag[3]
  Impl Port       imp:/WORK/zigbee/tx_imag[3]

  Ref  Port       ref:/WORK/zigbee/tx_imag[4]
  Impl Port       imp:/WORK/zigbee/tx_imag[4]

  Ref  Port       ref:/WORK/zigbee/tx_imag[5]
  Impl Port       imp:/WORK/zigbee/tx_imag[5]

  Ref  Port       ref:/WORK/zigbee/tx_imag[6]
  Impl Port       imp:/WORK/zigbee/tx_imag[6]

  Ref  Port       ref:/WORK/zigbee/tx_imag[7]
  Impl Port       imp:/WORK/zigbee/tx_imag[7]

  Ref  Port       ref:/WORK/zigbee/tx_real[0]
  Impl Port       imp:/WORK/zigbee/tx_real[0]

  Ref  Port       ref:/WORK/zigbee/tx_real[1]
  Impl Port       imp:/WORK/zigbee/tx_real[1]

  Ref  Port       ref:/WORK/zigbee/tx_real[2]
  Impl Port       imp:/WORK/zigbee/tx_real[2]

  Ref  Port       ref:/WORK/zigbee/tx_real[3]
  Impl Port       imp:/WORK/zigbee/tx_real[3]

  Ref  Port       ref:/WORK/zigbee/tx_real[4]
  Impl Port       imp:/WORK/zigbee/tx_real[4]

  Ref  Port       ref:/WORK/zigbee/tx_real[5]
  Impl Port       imp:/WORK/zigbee/tx_real[5]

  Ref  Port       ref:/WORK/zigbee/tx_real[6]
  Impl Port       imp:/WORK/zigbee/tx_real[6]

  Ref  Port       ref:/WORK/zigbee/tx_real[7]
  Impl Port       imp:/WORK/zigbee/tx_real[7]

 [BBNet: multiply-driven net
  BBPin: black-box pin
  Cut:   cut-point
  DFF:   non-constant DFF register
  DFF0:  constant 0 DFF register
  DFF1:  constant 1 DFF register
  DFFX:  constant X DFF register
  DFF0X: constrained 0X DFF register
  DFF1X: constrained 1X DFF register
  LAT:   non-constant latch register
  LAT0:  constant 0 latch register
  LAT1:  constant 1 latch register
  LATX:  constant X latch register
  LAT0X: constrained 0X latch register
  LAT1X: constrained 1X latch register
  LATCG: clock-gating latch register
  TLA:   transparent latch register
  TLA0X: transparent constrained 0X latch register
  TLA1X: transparent constrained 1X latch register
  Loop:  cycle break point
  Port:  primary (top-level) port
  Und:   undriven signal cut-point
  Unk:   unknown signal cut-point]

1
