****************************************
Report : constraint
Design : zigbee
Version: O-2018.06-SP1
Date   : Mon Sep 21 06:01:19 2026
****************************************

                                                   Weighted
    Group (min_delay/hold)       Cost     Weight     Cost     Scenario
    --------------------------------------------------------------------
    **default**                  0.00      1.00      0.00     default
    **async_default**            0.00      1.00      0.00     default
    **clock_gating_default**     0.00      1.00      0.00     default
    **in2reg_default**           0.00      1.00      0.00     default
    **reg2out_default**          0.00      1.00      0.00     default
    **in2out_default**           0.00      1.00      0.00     default
    clk                          0.23      1.00      0.23     default
    --------------------------------------------------------------------
    min_delay/hold                                   0.23

                                                   Weighted
    Group (max_delay/setup)      Cost     Weight     Cost     Scenario
    --------------------------------------------------------------------
    **default**                  0.00      1.00      0.00     default
    **async_default**            0.00      1.00      0.00     default
    **clock_gating_default**     0.00      1.00      0.00     default
    **in2reg_default**           0.00      1.00      0.00     default
    **reg2out_default**          0.00      1.00      0.00     default
    **in2out_default**           0.00      1.00      0.00     default
    clk                          0.00      1.00      0.00     default
    --------------------------------------------------------------------
    max_delay/setup                                  0.00

    Constraint                                       Cost
    -----------------------------------------------------
    min_delay/hold                                   0.23  (VIOLATED)
    max_delay/setup                                  0.00  (MET)
    max_transition                                   0.00  (MET)
    max_capacitance                                  0.00  (MET)
    min_capacitance                                  0.00  (MET)
1
