Warning: Cell contains tie connections which are not connected to real PG. (ZRT-511)
Turn off antenna since no rule is specified
Cell Min-Routing-Layer = M2
Cell Max-Routing-Layer = M9
Warning: Cannot find a default contact code for layer CO. (ZRT-022)
rule clk_network_NDR_leaf equivalent to default rule
Warning: Ignore 2 top cell ports with no pins. (ZRT-027)
Info: number of net_type_blockage: 0 
soft rule ICC2_GENERATED_DEFAULT_SPACING_RULE_3_8_wire is redundant
soft rule LOPT_M3_M7_3_8_wire is redundant
soft rule LOPT_M6_M7_3_8_wire is redundant


Start checking for open nets ... 

Total number of nets = 47509, of which 0 are not extracted
Total number of open nets = 0, of which 0 are frozen

Check 47509 nets, 0 have Errors

[CHECK OPEN NETS] Elapsed real time: 0:00:00 
[CHECK OPEN NETS] Elapsed cpu  time: sys=0:00:00 usr=0:00:00 total=0:00:00
[CHECK OPEN NETS] Stage (MB): Used    0  Alloctr    0  Proc    0 
[CHECK OPEN NETS] Total (MB): Used  147  Alloctr  161  Proc 3086 
Printing options for 'route.common.*'
common.verbose_level                                    :	 0                   

Printing options for 'route.detail.*'
detail.antenna                                          :	 true                
detail.check_patchable_drc_from_fixed_shapes            :	 true                
detail.drc_convergence_effort_level                     :	 high                
detail.eco_max_number_of_iterations                     :	 60                  
detail.force_end_on_preferred_grid                      :	 true                
detail.timing_driven                                    :	 true                

Printing options for 'route.auto_via_ladder.*'


Begin full DRC check ...

Information: Using 12 threads for routing. (ZRT-444)
Checked	1/64 Partitions, Violations =	0
Checked	2/64 Partitions, Violations =	0
Checked	4/64 Partitions, Violations =	0
Checked	6/64 Partitions, Violations =	0
Checked	8/64 Partitions, Violations =	0
Checked	10/64 Partitions, Violations =	0
Checked	12/64 Partitions, Violations =	0
Checked	14/64 Partitions, Violations =	0
Checked	16/64 Partitions, Violations =	0
Checked	18/64 Partitions, Violations =	0
Checked	20/64 Partitions, Violations =	0
Checked	22/64 Partitions, Violations =	0
Checked	24/64 Partitions, Violations =	0
Checked	26/64 Partitions, Violations =	0
Checked	28/64 Partitions, Violations =	0
Checked	30/64 Partitions, Violations =	0
Checked	32/64 Partitions, Violations =	0
Checked	34/64 Partitions, Violations =	0
Checked	36/64 Partitions, Violations =	0
Checked	38/64 Partitions, Violations =	0
Checked	40/64 Partitions, Violations =	0
Checked	42/64 Partitions, Violations =	0
Checked	44/64 Partitions, Violations =	0
Checked	46/64 Partitions, Violations =	0
Checked	48/64 Partitions, Violations =	0
Checked	50/64 Partitions, Violations =	0
Checked	52/64 Partitions, Violations =	0
Checked	54/64 Partitions, Violations =	0
Checked	56/64 Partitions, Violations =	0
Checked	58/64 Partitions, Violations =	0
Checked	60/64 Partitions, Violations =	0
Checked	62/64 Partitions, Violations =	0
Checked	64/64 Partitions, Violations =	0
[DRC CHECK] Elapsed real time: 0:00:03 
[DRC CHECK] Elapsed cpu  time: sys=0:00:00 usr=0:00:25 total=0:00:26
[DRC CHECK] Stage (MB): Used    0  Alloctr    1  Proc  268 
[DRC CHECK] Total (MB): Used  170  Alloctr  183  Proc 3355 
Warning: No antenna rules defined, Skip antenna analysis. (ZRT-309)

DRC-SUMMARY:
	@@@@@@@ TOTAL VIOLATIONS =	0


Total Wire Length =                    890579 micron
Total Number of Contacts =             356698
Total Number of Wires =                297716
Total Number of PtConns =              77187
Total Number of Routed Wires =       297716
Total Routed Wire Length =           879050 micron
Total Number of Routed Contacts =       356698
	Layer             M1 :       4566 micron
	Layer             M2 :     222841 micron
	Layer             M3 :     286441 micron
	Layer             M4 :      88531 micron
	Layer             M5 :      96404 micron
	Layer             M6 :      86264 micron
	Layer             M7 :      57887 micron
	Layer             M8 :      45814 micron
	Layer             M9 :       1831 micron
	Layer           MRDL :          0 micron
	Via     VIA89_C(rot) :         96
	Via        VIA78SQ_C :       3357
	Via       VIA78BAR_C :          3
	Via    VIA78SQ_C_2x1 :         29
	Via        VIA67SQ_C :          8
	Via   VIA67SQ_C(rot) :       6704
	Via        VIA56SQ_C :      13912
	Via   VIA56SQ_C(rot) :          3
	Via        VIA45SQ_C :        886
	Via   VIA45SQ_C(rot) :      22051
	Via        VIA34SQ_C :      32919
	Via   VIA34SQ_C(rot) :        132
	Via        VIA23SQ_C :        836
	Via   VIA23SQ_C(rot) :     142746
	Via        VIA12SQ_C :     127128
	Via   VIA12SQ_C(rot) :       5830
	Via       VIA12BAR_C :         48
	Via    VIA12SQ_C_2x1 :         10

 
Redundant via conversion report:
--------------------------------

  Total optimized via conversion rate =  0.01% (39 / 356698 vias)
 
    Layer VIA1       =  0.01% (10     / 133016  vias)
        Weight 1     =  0.01% (10      vias)
        Un-optimized =  0.00% (0       vias)
        Un-mapped    = 99.99% (133006  vias)
    Layer VIA2       =  0.00% (0      / 143582  vias)
        Un-optimized =  0.00% (0       vias)
        Un-mapped    = 100.00% (143582  vias)
    Layer VIA3       =  0.00% (0      / 33051   vias)
        Un-optimized =  0.00% (0       vias)
        Un-mapped    = 100.00% (33051   vias)
    Layer VIA4       =  0.00% (0      / 22937   vias)
        Un-optimized =  0.00% (0       vias)
        Un-mapped    = 100.00% (22937   vias)
    Layer VIA5       =  0.00% (0      / 13915   vias)
        Un-optimized =  0.00% (0       vias)
        Un-mapped    = 100.00% (13915   vias)
    Layer VIA6       =  0.00% (0      / 6712    vias)
        Un-optimized =  0.00% (0       vias)
        Un-mapped    = 100.00% (6712    vias)
    Layer VIA7       =  0.86% (29     / 3389    vias)
        Weight 1     =  0.86% (29      vias)
        Un-optimized =  0.00% (0       vias)
        Un-mapped    = 99.14% (3360    vias)
    Layer VIA8       =  0.00% (0      / 96      vias)
        Un-optimized =  0.00% (0       vias)
        Un-mapped    = 100.00% (96      vias)
 
  Total double via conversion rate    =  0.01% (39 / 356698 vias)
 
    Layer VIA1       =  0.01% (10     / 133016  vias)
    Layer VIA2       =  0.00% (0      / 143582  vias)
    Layer VIA3       =  0.00% (0      / 33051   vias)
    Layer VIA4       =  0.00% (0      / 22937   vias)
    Layer VIA5       =  0.00% (0      / 13915   vias)
    Layer VIA6       =  0.00% (0      / 6712    vias)
    Layer VIA7       =  0.86% (29     / 3389    vias)
    Layer VIA8       =  0.00% (0      / 96      vias)
 
  The optimized via conversion rate based on total routed via count =  0.01% (39 / 356698 vias)
 
    Layer VIA1       =  0.01% (10     / 133016  vias)
        Weight 1     =  0.01% (10      vias)
        Un-optimized =  0.00% (0       vias)
        Un-mapped    = 99.99% (133006  vias)
    Layer VIA2       =  0.00% (0      / 143582  vias)
        Un-optimized =  0.00% (0       vias)
        Un-mapped    = 100.00% (143582  vias)
    Layer VIA3       =  0.00% (0      / 33051   vias)
        Un-optimized =  0.00% (0       vias)
        Un-mapped    = 100.00% (33051   vias)
    Layer VIA4       =  0.00% (0      / 22937   vias)
        Un-optimized =  0.00% (0       vias)
        Un-mapped    = 100.00% (22937   vias)
    Layer VIA5       =  0.00% (0      / 13915   vias)
        Un-optimized =  0.00% (0       vias)
        Un-mapped    = 100.00% (13915   vias)
    Layer VIA6       =  0.00% (0      / 6712    vias)
        Un-optimized =  0.00% (0       vias)
        Un-mapped    = 100.00% (6712    vias)
    Layer VIA7       =  0.86% (29     / 3389    vias)
        Weight 1     =  0.86% (29      vias)
        Un-optimized =  0.00% (0       vias)
        Un-mapped    = 99.14% (3360    vias)
    Layer VIA8       =  0.00% (0      / 96      vias)
        Un-optimized =  0.00% (0       vias)
        Un-mapped    = 100.00% (96      vias)
 


Verify Summary:

Total number of nets = 47509, of which 0 are not extracted
Total number of open nets = 0, of which 0 are frozen
Total number of excluded ports = 0 ports of 0 unplaced cells connected to 0 nets
                                 0 ports without pins of 0 cells connected to 0 nets
                                 0 ports of 0 cover cells connected to 0 non-pg nets
Total number of DRCs = 0
Total number of antenna violations = no antenna rules defined
Total number of tie to rail violations = not checked
Total number of tie to rail directly violations = not checked


