#-----------------------------------------------------------
# Vivado v2018.2 (64-bit)
# SW Build 2258646 on Thu Jun 14 20:03:12 MDT 2018
# IP Build 2256618 on Thu Jun 14 22:10:49 MDT 2018
# Start of session at: Fri Sep 18 11:11:59 2026
# Process ID: 11000
# Current directory: D:/zigbee_fpga_implementation/zigbee_fpga_hybrid_implementation
# Command line: vivado.exe -gui_launcher_event rodinguilauncherevent8316 D:\zigbee_fpga_implementation\zigbee_fpga_hybrid_implementation\zigbee_fpga_hybrid_implementation.xpr
# Log file: D:/zigbee_fpga_implementation/zigbee_fpga_hybrid_implementation/vivado.log
# Journal file: D:/zigbee_fpga_implementation/zigbee_fpga_hybrid_implementation\vivado.jou
#-----------------------------------------------------------
start_gui
open_project D:/zigbee_fpga_implementation/zigbee_fpga_hybrid_implementation/zigbee_fpga_hybrid_implementation.xpr
Scanning sources...
Finished scanning sources
INFO: [IP_Flow 19-234] Refreshing IP repositories
INFO: [IP_Flow 19-1704] No user IP repositories specified
INFO: [IP_Flow 19-2313] Loaded Vivado IP repository 'C:/Xilinx/Vivado/2018.2/data/ip'.
open_project: Time (s): cpu = 00:00:14 ; elapsed = 00:00:10 . Memory (MB): peak = 894.344 ; gain = 152.309
update_compile_order -fileset sources_1
import_files
INFO: [filemgmt 20-334] All file(s) are already imported in fileset: 'clk_wiz_0'
INFO: [filemgmt 20-348] Importing the appropriate files for fileset: 'clk_wiz_0'
INFO: [filemgmt 20-334] All file(s) are already imported in fileset: 'constrs_1'
INFO: [filemgmt 20-348] Importing the appropriate files for fileset: 'constrs_1'
INFO: [filemgmt 20-348] Importing the appropriate files for fileset: 'sources_1'
exit
INFO: [Common 17-206] Exiting Vivado at Fri Sep 18 11:13:05 2026...
