#@ # 
#@ # Running icc2_shell Version O-2018.06-SP1 for linux64 -- Jul 17, 2018
#@ # Date:   Mon Sep 21 03:55:04 2026
#@ # Run by: ICer@IC_EDA
#@ 

source -echo -verbose ../script/placement.tcl
gui_start
gui_set_pref_value -category {SelectByNamePalette} -key {ObjectType} -value {Logical Cells}
win_set_filter -visible -class cell -filter {hard_macro_margin hard_margin route_blockage_margin soft_margin}
win_set_filter -visible -class placement_blockage -filter {wiring} -layer {0-82}
win_set_filter -expand_cell_types {soft_macro  }
win_set_select_class -visible {cell port bound routing_blockage shaping_blockage pg_region pin_blockage block_shielding topology_node topology_edge core_area die_area edit_group shape via terminal fill_cell placement_blockage }
win_set_filter -class cell -filter {cell_array hard_macro_margin hard_margin route_blockage_margin soft_margin}
win_set_filter -class placement_blockage -filter {wiring} -layer {0-82}
win_set_select_class {cell port bound routing_blockage shaping_blockage pg_region pin_blockage topology_node topology_edge edit_group shape via placement_blockage }
gui_show_map -window [gui_get_current_window -types Layout -mru] -map {cellDensityMap} -show {true}
gui_set_map_option -map {cellDensityMap} -option {area_type} -value {Reset}
gui_set_map_option -map {cellDensityMap} -option {area_type} -value {WholeDesign}
gui_zoom -window [gui_get_current_window -types Layout -view] -factor 2 -at_point {371.918 415.408}
gui_zoom -window [gui_get_current_window -types Layout -view] -factor 2 -at_point {371.852 415.452}
gui_zoom -window [gui_get_current_window -types Layout -view] -factor 2 -at_point {371.852 415.452}
gui_zoom -window [gui_get_current_window -types Layout -view] -factor 0.5 -at_point {373.577 416.494}
gui_zoom -window [gui_get_current_window -types Layout -view] -factor 0.5 -at_point {373.572 416.408}
gui_zoom -window [gui_get_current_window -types Layout -view] -factor 0.5 -at_point {373.763 416.599}
gui_zoom -window [gui_get_current_window -types Layout -view] -factor 2 -at_point {393.635 365.006}
gui_zoom -window [gui_get_current_window -types Layout -view] -factor 2 -at_point {393.635 365.006}
gui_zoom -window [gui_get_current_window -types Layout -view] -factor 2 -at_point {393.635 365.006}
gui_zoom -window [gui_get_current_window -types Layout -view] -factor 2 -at_point {393.626 365.036}
gui_zoom -window [gui_get_current_window -types Layout -view] -factor 0.5 -at_point {393.617 365.017}
gui_zoom -window [gui_get_current_window -types Layout -view] -factor 0.5 -at_point {393.609 364.999}
gui_zoom -window [gui_get_current_window -types Layout -view] -factor 2 -at_point {393.635 365.006}
gui_zoom -window [gui_get_current_window -types Layout -view] -factor 2 -at_point {393.626 365.036}
gui_zoom -window [gui_get_current_window -types Layout -view] -factor 0.5 -at_point {393.617 365.017}
gui_zoom -window [gui_get_current_window -types Layout -view] -factor 0.5 -at_point {393.609 364.999}
gui_zoom -window [gui_get_current_window -types Layout -view] -factor 0.5 -at_point {393.635 365.006}
gui_zoom -window [gui_get_current_window -types Layout -view] -factor 0.5 -at_point {393.635 365.006}
gui_zoom -window [gui_get_current_window -types Layout -view] -factor 0.5 -at_point {393.635 365.006}
gui_zoom -window [gui_get_current_window -types Layout -view] -factor 0.5 -at_point {392.871 365.006}
gui_zoom -window [gui_get_current_window -types Layout -view] -factor 2 -at_point {73.377 -3.406}
gui_zoom -window [gui_get_current_window -types Layout -view] -factor 2 -at_point {73.377 -1.877}
gui_zoom -window [gui_get_current_window -types Layout -view] -factor 2 -at_point {73.377 -1.113}
gui_zoom -window [gui_get_current_window -types Layout -view] -factor 0.5 -at_point {79.491 23.728}
gui_zoom -window [gui_get_current_window -types Layout -view] -factor 0.5 -at_point {242.296 3.473}
gui_zoom -window [gui_get_current_window -types Layout -view] -factor 0.5 -at_point {243.060 4.237}
gui_zoom -window [gui_get_current_window -view] -full
gui_show_map -window [gui_get_current_window -types Layout -mru] -map {cellDensityMap} -show {false}
exit
