
                                 Formality (R)

               Version L-2016.03-SP1 for linux64 - Apr 13, 2016 

                    Copyright (c) 1988 - 2016 Synopsys, Inc.
   This software and the associated documentation are proprietary to Synopsys,
 Inc. This software may only be used in accordance with the terms and conditions
 of a written license agreement with Synopsys, Inc. All other use, reproduction,
            or distribution of this software is strictly prohibited.

  ** Highlights of Formality (R) Version L-2016.03 **
   - New alternate verification strategies for resolving inconclusive verifications
   - Automation for deploying alternate strategies
   - New command to export the mapping of reference to implementation registers
   - New capability to combine PG and low power information from db libraries with Verilog functional models

   * Please refer to the Formality Release Notes for details and additional enhancements

Build: 4031317
Hostname: IC_EDA (RHEL64)
Current time: Sun Sep 20 00:27:42 2026

Loading db file '/home/synopsys/Formality/libraries/syn/gtech.db'
####################################################################################
#########################################################
#### Section 1 : Config Definition ####
#########################################################
#################################################################################### 
##### Top Module #####
set top_module "zigbee"
zigbee
##### Work Library #####
define_design_lib work -path ./work
Current container is not set
0
##### Libraries #####
set lib_path "/home/ICer/Desktop/shared_folder/32nm_lib/dbs/*"
/home/ICer/Desktop/shared_folder/32nm_lib/dbs/*
set worst_library "saed32hvt_ss0p75vn40c"
saed32hvt_ss0p75vn40c
set SSLIB "/home/ICer/Desktop/shared_folder/32nm_lib/dbs/hvt/saed32hvt_ss0p75vn40c.db"
/home/ICer/Desktop/shared_folder/32nm_lib/dbs/hvt/saed32hvt_ss0p75vn40c.db
##### Operating Conditions #####
# set best_condition  "BEST"
# set worst_condition "WORST"
##### Formality Type #####
set fm_type "syn" ; #syn or dft 
syn
##### Reference Files #####
set ref_type "rtl" ; #rtl or netlist
rtl
set rtl_path  "/mnt/hgfs/Shared_Folder/ROBO/Zigbee/RTL"
/mnt/hgfs/Shared_Folder/ROBO/Zigbee/RTL
set rate "fast"
fast
remove_container -all
Cleared container 'i'
Cleared container 'r'
1
####################################################################################
#########################################################
#### Section 2 : Guidance ####
#########################################################
#################################################################################### 
##### Synopsys setup variable ####
#set hdlin_ignore_full_case true
#set hdlin_ignore_parallel_case false
#set hdlin_warn_on_mismatch_message "FMR_ELAB-147"
#set hdlin_error_on_mismatch_message false
#set hdlin_unresolved_modules black_box
#set hdlin_enable_hier_naming true
#set verification_verify_unread_bbox_inputs false
#set verification_verify_unread_compare_points false
#set verification_ignore_unmatched_implementation_blackbox_input true
#set verification_set_undriven_signals X
#set verification_verify_directly_undriven_output false
#set verification_constant_prop_mode auto
#set verification_verify_directly_undriven_output true
set synopsys_auto_setup true
true
##### Formality Setup File #####
if {$rate == "fast"} {
       set param "F"
} elseif {$rate == "slow"} {
       set param "S"
} elseif {$rate == "hybrid"} {
       set param "H"
}
F
set_svf "../../$fm_type/generated_files/${rate}/svf/${top_module}_${param}.svf"
SVF set to '../../syn/generated_files/fast/svf/zigbee_F.svf'.
1
####################################################################################
#########################################################
#### Section 4 : Reference Container ####
#########################################################
####################################################################################
create_container ref 
Created container 'ref'
Current container set to 'ref'
1
current_container ref 
ref
if {$ref_type == "rtl"} {
    read_verilog -libname work -container ref "${rtl_path}/*.*v"
} else {
    read_verilog -libname work -netlist -container ref "../../$fm_type/generated_files/${rate}/$ref_type/$top_module.v"
}
Initializing DesignWare ...
Initialization Complete
Loading verilog file '/mnt/hgfs/Shared_Folder/ROBO/Zigbee/RTL/CSK_GEN.v'
Loading verilog file '/mnt/hgfs/Shared_Folder/ROBO/Zigbee/RTL/DF_SYNC.v'
Loading verilog file '/mnt/hgfs/Shared_Folder/ROBO/Zigbee/RTL/DQPSK.v'
Loading verilog file '/mnt/hgfs/Shared_Folder/ROBO/Zigbee/RTL/FIFO_mem.v'
Loading verilog file '/mnt/hgfs/Shared_Folder/ROBO/Zigbee/RTL/controller.v'
Loading verilog file '/mnt/hgfs/Shared_Folder/ROBO/Zigbee/RTL/dqpsk_csk_top.v'
Loading verilog file '/mnt/hgfs/Shared_Folder/ROBO/Zigbee/RTL/e_o_demux.v'
Loading verilog file '/mnt/hgfs/Shared_Folder/ROBO/Zigbee/RTL/form_ppdu.v'
Loading verilog file '/mnt/hgfs/Shared_Folder/ROBO/Zigbee/RTL/interleaver.v'
Loading verilog file '/mnt/hgfs/Shared_Folder/ROBO/Zigbee/RTL/mux2X1.v'
Loading verilog file '/mnt/hgfs/Shared_Folder/ROBO/Zigbee/RTL/payload_counter.v'
Loading verilog file '/mnt/hgfs/Shared_Folder/ROBO/Zigbee/RTL/posedge_detector.v'
Loading verilog file '/mnt/hgfs/Shared_Folder/ROBO/Zigbee/RTL/preamble_sfd_gen.v'
Loading verilog file '/mnt/hgfs/Shared_Folder/ROBO/Zigbee/RTL/qpsk_mapper.v'
Loading verilog file '/mnt/hgfs/Shared_Folder/ROBO/Zigbee/RTL/symbol_mapper.v'
Loading verilog file '/mnt/hgfs/Shared_Folder/ROBO/Zigbee/RTL/top_sym_to_ppdu.v'
Loading verilog file '/mnt/hgfs/Shared_Folder/ROBO/Zigbee/RTL/zeropadding.v'
Loading verilog file '/mnt/hgfs/Shared_Folder/ROBO/Zigbee/RTL/zigbee_asic.v'
Loading verilog file '/mnt/hgfs/Shared_Folder/ROBO/Zigbee/RTL/zigbee_fpga.v'
1
##### Read Reference technology libraries #####
read_db -container ref $SSLIB
Loading db file '/home/ICer/Desktop/shared_folder/32nm_lib/dbs/hvt/saed32hvt_ss0p75vn40c.db'
1
##### set the top Reference Design #####
set_top ref:/work/$top_module -parameter {rate_mode "F"}
Setting top design to 'ref:/WORK/zigbee'
Status:   Elaborating design zigbee  rate_mode"F" ...  
Information: Created design named 'zigbee_rate_moderate_modeF'. (FE-LINK-13)
Status:   Elaborating design FIFO_mem  FIFO_WIDTH=8, FIFO_DEPTH=128 ...  
Information: Created design named 'FIFO_mem_FIFO_WIDTH8_FIFO_DEPTH128'. (FE-LINK-13)
Status:   Elaborating design payload_counter  payload_w=8, max_payload_length=127 ...  
Information: Created design named 'payload_counter_payload_w8_max_payload_length127'. (FE-LINK-13)
Status:   Elaborating design zeropadding  payload_w=8, rate_mode="H", max_payload_length=127, header_length=12 ...  
Information: Created design named 'zeropadding_payload_w8_rate_modeH_max_payload_length127_header_length12'. (FE-LINK-13)
Status:   Elaborating design e_o_demux  rate_mode="H" ...  
Information: Created design named 'e_o_demux_rate_modeH'. (FE-LINK-13)
Status:   Elaborating design controller  rate_mode="H", max_payload_length=127 ...  
Information: Created design named 'controller_rate_modeH_max_payload_length127'. (FE-LINK-13)
Status:   Elaborating design top_sym_to_ppdu  rate_mode="H" ...  
Information: Created design named 'top_sym_to_ppdu_rate_modeH'. (FE-LINK-13)
Status:   Elaborating design preamble_sfd_gen  rate_mode="H" ...  
Information: Created design named 'preamble_sfd_gen_rate_modeH'. (FE-LINK-13)
Status:   Elaborating design symbol_mapper  rate_mode="H" ...  
Information: Created design named 'symbol_mapper_rate_modeH'. (FE-LINK-13)
Status:   Elaborating design FIFO_mem  FIFO_WIDTH=32, FIFO_DEPTH=1024 ...  
Information: Created design named 'FIFO_mem_FIFO_WIDTH32_FIFO_DEPTH1024'. (FE-LINK-13)
Status:   Elaborating design interleaver  rate_mode="H" ...  
Information: Created design named 'interleaver_rate_modeH'. (FE-LINK-13)
Status:   Elaborating design form_ppdu  rate_mode="H" ...  
Information: Created design named 'form_ppdu_rate_modeH'. (FE-LINK-13)
Status:   Elaborating design QPSK_mapper   ...  
Status:   Elaborating design dqpsk_csk_top  rate_mode="H", FIFO_DEPTH=4096, FIFO_WIDTH=2, WL=6 ...  
Information: Created design named 'dqpsk_csk_top_rate_modeH_FIFO_DEPTH4096_FIFO_WIDTH2_WL6'. (FE-LINK-13)
Status:   Elaborating design DQPSK   ...  
Status:   Elaborating design FIFO_mem  FIFO_WIDTH=2, FIFO_DEPTH=4096 ...  
Information: Created design named 'FIFO_mem_FIFO_WIDTH2_FIFO_DEPTH4096'. (FE-LINK-13)
Status:   Elaborating design CSK_GEN  WL=6 ...  
Information: Created design named 'CSK_GEN_WL6'. (FE-LINK-13)
Status:   Elaborating design posedge_detector   ...  
Status:  Implementing inferred operators...

************ Library Checking Summary ************
Warning:  8 unlinked power cell(s) with unread pg pins.
Warning:  1 unlinked power cell(s) with unread save/restore retention signals.
Warning:  72 unlinked power cell(s) with no power down function on an ff or latch.
        Use 'report_libraries -defects all' for more details.
**************************************************

Top design successfully set to 'ref:/WORK/zigbee_rate_moderate_modeF'
1
set_reference_design ref:/work/zigbee_rate_moderate_modeF
Reference design set to 'ref:/WORK/zigbee_rate_moderate_modeF'
1
####################################################################################
#########################################################
#### Section 5 : Implementation Container ####
#########################################################
#################################################################################### 
create_container imp 
Created container 'imp'
Current container set to 'imp'
1
current_container imp 
imp
##### Read Reference technology libraries #####
read_db -container imp $SSLIB
Loading db file '/home/ICer/Desktop/shared_folder/32nm_lib/dbs/hvt/saed32hvt_ss0p75vn40c.db'
1
read_verilog -libname work -netlist -container imp "../../$fm_type/generated_files/${rate}/netlist/${top_module}_${param}.v"
Loading verilog file '/mnt/hgfs/Shared_Folder/ROBO/Zigbee/ASIC_32/syn/generated_files/fast/netlist/zigbee_F.v'
1
##### set the top Reference Design #####
set_implementation_design imp:/work/$top_module
Implementation design set to 'imp:/WORK/zigbee'
1
set_top imp:/work/$top_module
Setting top design to 'imp:/WORK/zigbee'
Status:  Implementing inferred operators...

************ Library Checking Summary ************
Warning:  8 unlinked power cell(s) with unread pg pins.
Warning:  1 unlinked power cell(s) with unread save/restore retention signals.
Warning:  72 unlinked power cell(s) with no power down function on an ff or latch.
        Use 'report_libraries -defects all' for more details.
**************************************************

Top design successfully set to 'imp:/WORK/zigbee'
Implementation design set to 'imp:/WORK/zigbee'
1
####################################################################################
#########################################################
#### Section 6 : Start Matching ####
#########################################################
####################################################################################
##### Turn off DFT #####
# set_constant ref:/work/*/test_mode 0
# set_constant imp:/work/*/test_mode 0
match
Reference design is 'ref:/WORK/zigbee_rate_moderate_modeF'
Implementation design is 'imp:/WORK/zigbee'
Status:  Checking designs...
    Warning: 0 (2) undriven nets found in reference (implementation) design; see formality3.log for list (FM-399)
Status:  Building verification models...
Imp top is zigbee ; Ref top is zigbee_rate_moderate_modeF 
found rename opn, current name = zigbee_rate_modeF, new name = zigbee
Status:  Processing Guide Commands...
.. 97A/11R/0US/49UP (75% SVF completed) 09/20/26 00:29 2142MB/102.61sec
.

***************************** Guidance Summary *****************************
                                         Status
Command                 Accepted   Rejected  Unsupported  Unprocessed  Total
----------------------------------------------------------------------------
environment         :          5          0          0          0          5
instance_map        :         17          0          0          0         17
mark                :         22          0          0          0         22
multiplier          :          0         10          0          0         10
reg_constant        :          2         10          0          0         12
rename_design       :          1          0          0          0          1
replace             :          0          2          0          0          2
transformation
   map              :         48          0          0          0         48
   share            :          8          2          0          0         10
uniquify            :          1         18          0          0         19

Note: If verification succeeds you can safely ignore unaccepted guidance commands.

SVF files read:
      ../../syn/generated_files/fast/svf/zigbee_F.svf

SVF files produced:
  /mnt/hgfs/Shared_Folder/ROBO/Zigbee/ASIC_32/syn_fm/run/formality3_svf/
    svf.txt
****************************************************************************

Status:  Matching...
.
    
*********************************** Matching Results ***********************************    
 6159 Compare points matched by name    
 0 Compare points matched by signature analysis    
 0 Compare points matched by topology    
 18 Matched primary inputs, black-box outputs    
 77863(12) Unmatched reference(implementation) compare points    
 0(0) Unmatched reference(implementation) primary inputs, black-box outputs    
 4(0) Unmatched reference(implementation) unread points    
----------------------------------------------------------------------------------------    
Unmatched Objects                                                        REF        IMPL    
----------------------------------------------------------------------------------------    
 Registers                                                             77863          12    
   DFF                                                                 77859          12    
   Constrained 0X                                                          4           0    
****************************************************************************************

1
####################################################################################
#########################################################
#### Section 7 : Start Verification ####
#########################################################
####################################################################################
set successful [verify]
Reference design is 'ref:/WORK/zigbee'
Implementation design is 'imp:/WORK/zigbee'
    
*********************************** Matching Results ***********************************    
 6159 Compare points matched by name    
 0 Compare points matched by signature analysis    
 0 Compare points matched by topology    
 18 Matched primary inputs, black-box outputs    
 77863(12) Unmatched reference(implementation) compare points    
 0(0) Unmatched reference(implementation) primary inputs, black-box outputs    
 4(0) Unmatched reference(implementation) unread points    
----------------------------------------------------------------------------------------    
Unmatched Objects                                                        REF        IMPL    
----------------------------------------------------------------------------------------    
 Registers                                                             77863          12    
   DFF                                                                 77859          12    
   Constrained 0X                                                          4           0    
****************************************************************************************

Status:  Verifying...
    Compare point DQPSK_CSK/Imag_Sync_FIFO/dout_reg[0] failed (is not equivalent)
    Compare point DQPSK_CSK/Real_Sync_FIFO/dout_reg[0] failed (is not equivalent)
    Compare point DQPSK_CSK/Imag_Sync_FIFO/dout_reg[1] failed (is not equivalent)
    Compare point DQPSK_CSK/Real_Sync_FIFO/dout_reg[1] failed (is not equivalent)
    Compare point DQPSK_CSK/Real_Sync_FIFO/mem_reg[251][0] failed (is not equivalent)
    Compare point DQPSK_CSK/Real_Sync_FIFO/mem_reg[251][1] failed (is not equivalent)
    Compare point DQPSK_CSK/Real_Sync_FIFO/mem_reg[268][0] failed (is not equivalent)
    Compare point DQPSK_CSK/Real_Sync_FIFO/mem_reg[268][1] failed (is not equivalent)
    Compare point DQPSK_CSK/Real_Sync_FIFO/mem_reg[47][1] failed (is not equivalent)
    Compare point DQPSK_CSK/Imag_Sync_FIFO/mem_reg[497][0] failed (is not equivalent)
    Compare point DQPSK_CSK/Real_Sync_FIFO/mem_reg[739][0] failed (is not equivalent)
    Compare point DQPSK_CSK/Imag_Sync_FIFO/mem_reg[740][0] failed (is not equivalent)
    Compare point DQPSK_CSK/Real_Sync_FIFO/mem_reg[133][0] failed (is not equivalent)
    Compare point DQPSK_CSK/Real_Sync_FIFO/mem_reg[570][1] failed (is not equivalent)
    Compare point DQPSK_CSK/Real_Sync_FIFO/mem_reg[573][1] failed (is not equivalent)
    Compare point DQPSK_CSK/Imag_Sync_FIFO/mem_reg[728][0] failed (is not equivalent)
    Compare point DQPSK_CSK/Real_Sync_FIFO/mem_reg[31][0] failed (is not equivalent)
    Compare point DQPSK_CSK/Real_Sync_FIFO/mem_reg[31][1] failed (is not equivalent)
    Compare point DQPSK_CSK/Real_Sync_FIFO/mem_reg[573][0] failed (is not equivalent)
    Compare point DQPSK_CSK/Imag_Sync_FIFO/mem_reg[728][1] failed (is not equivalent)

***************************** Synopsys Auto Setup Summary ******************************

!!! Synopsys Auto Setup Mode was enabled. !!!
!!! Verification results are valid assuming the following setup constraints: !!!

### RTL Interpretation Setup
   set hdlin_ignore_parallel_case false
   set hdlin_ignore_full_case false
   set hdlin_error_on_mismatch_message false
   set hdlin_ignore_embedded_configuration true

### Undriven Signal Handling Setup
   set verification_set_undriven_signals synthesis

### Test Logic Setup
   set verification_verify_directly_undriven_output false
   For details see report_dont_verify_points and report_constants


For further details on Synopsys Auto Setup Mode: Type man synopsys_auto_setup
****************************************************************************************


********************************* Verification Results *********************************
Verification FAILED
   ATTENTION: synopsys_auto_setup mode was enabled.
              See Synopsys Auto Setup Summary for details.
----------------------------------------------------------
 Reference design: ref:/WORK/zigbee
 Implementation design: imp:/WORK/zigbee
 206 Passing compare points
 20 Failing compare points
 0 Aborted compare points
 5933 Unverified compare points
----------------------------------------------------------------------------------------
Matched Compare Points     BBPin    Loop   BBNet     Cut    Port     DFF     LAT   TOTAL
----------------------------------------------------------------------------------------
Passing (equivalent)           0       0       0       0      17     189       0     206
Failing (not equivalent)       0       0       0       0       0      20       0      20
Unverified                     0       0       0       0       0    5933       0    5933
****************************************************************************************
Info:  Try the analyze_points command to see if Formality can determine potential
causes, or suggest next steps for a FAILED or INCONCLUSIVE verification.
See the man page for analyze_points usage and options.
0
if {!$successful} {
diagnose 
analyze_points -failing
}
Status:  Diagnosing imp:/WORK/zigbee vs ref:/WORK/zigbee...
Status:  Diagnosis initializing...
Status:  Analyzing patterns...
    4 distinct errors detected in implementation design.
    Number of error candidates: 7
    Analysis completed
Status:  Finding matching regions in reference design...
.
    4 matching regions detected in reference design.
Diagnosis completed
Found 26 Unmatched Cone Inputs
--------------------------------
Unmatched cone inputs result either from mismatched compare points
or from differences in the logic within the cones. Only unmatched
inputs that are suspected of contributing to verification failures
are included in the report.
The source of the matching or logical differences may be determined
using the schematic, cone and source views.
--------------------------------
ref:/WORK/zigbee/DQPSK_CSK/Imag_Sync_FIFO/mem_reg[3799][0]
    Is globally unmatched affecting 1 compare point(s):
        imp:/WORK/zigbee/DQPSK_CSK/Imag_Sync_FIFO/dout_reg[0]

-----------
ref:/WORK/zigbee/DQPSK_CSK/Imag_Sync_FIFO/rd_from_addr_reg[11]
    Is globally unmatched affecting 5 compare point(s):
        imp:/WORK/zigbee/DQPSK_CSK/Imag_Sync_FIFO/dout_reg[0]
        imp:/WORK/zigbee/DQPSK_CSK/Imag_Sync_FIFO/dout_reg[1]
        imp:/WORK/zigbee/DQPSK_CSK/Imag_Sync_FIFO/mem_reg[728][0]
        imp:/WORK/zigbee/DQPSK_CSK/Imag_Sync_FIFO/mem_reg[728][1]
        imp:/WORK/zigbee/DQPSK_CSK/Imag_Sync_FIFO/mem_reg[740][0]

-----------
ref:/WORK/zigbee/DQPSK_CSK/Imag_Sync_FIFO/mem_reg[1254][1]
    Is globally unmatched affecting 1 compare point(s):
        imp:/WORK/zigbee/DQPSK_CSK/Imag_Sync_FIFO/dout_reg[1]

-----------
imp:/WORK/zigbee/DQPSK_CSK/Imag_Sync_FIFO/dout_reg[1]/\*dff.00\*
    Matched with cell ref:/WORK/zigbee/DQPSK_CSK/Imag_Sync_FIFO/dout_reg[1]
    Exists in the impl cone but not in the ref cone for 1 compare point(s):
        ref:/WORK/zigbee/DQPSK_CSK/Imag_Sync_FIFO/dout_reg[1]

-----------
imp:/WORK/zigbee/DQPSK_CSK/Imag_Sync_FIFO/mem_reg[497][0]/\*dff.00\*
    Matched with cell ref:/WORK/zigbee/DQPSK_CSK/Imag_Sync_FIFO/mem_reg[497][0]
    Exists in the impl cone but not in the ref cone for 1 compare point(s):
        ref:/WORK/zigbee/DQPSK_CSK/Imag_Sync_FIFO/mem_reg[497][0]

-----------
ref:/WORK/zigbee/DQPSK_CSK/Imag_Sync_FIFO/wr_in_addr_reg[11]
    Is globally unmatched affecting 3 compare point(s):
        imp:/WORK/zigbee/DQPSK_CSK/Imag_Sync_FIFO/mem_reg[728][0]
        imp:/WORK/zigbee/DQPSK_CSK/Imag_Sync_FIFO/mem_reg[728][1]
        imp:/WORK/zigbee/DQPSK_CSK/Imag_Sync_FIFO/mem_reg[740][0]

-----------
imp:/WORK/zigbee/DQPSK_CSK/Imag_Sync_FIFO/mem_reg[728][0]/\*dff.00\*
    Matched with cell ref:/WORK/zigbee/DQPSK_CSK/Imag_Sync_FIFO/mem_reg[728][0]
    Exists in the impl cone but not in the ref cone for 1 compare point(s):
        ref:/WORK/zigbee/DQPSK_CSK/Imag_Sync_FIFO/mem_reg[728][0]

-----------
imp:/WORK/zigbee/DQPSK_CSK/Imag_Sync_FIFO/mem_reg[728][1]/\*dff.00\*
    Matched with cell ref:/WORK/zigbee/DQPSK_CSK/Imag_Sync_FIFO/mem_reg[728][1]
    Exists in the impl cone but not in the ref cone for 1 compare point(s):
        ref:/WORK/zigbee/DQPSK_CSK/Imag_Sync_FIFO/mem_reg[728][1]

-----------
imp:/WORK/zigbee/DQPSK_CSK/Imag_Sync_FIFO/mem_reg[740][0]/\*dff.00\*
    Matched with cell ref:/WORK/zigbee/DQPSK_CSK/Imag_Sync_FIFO/mem_reg[740][0]
    Exists in the impl cone but not in the ref cone for 1 compare point(s):
        ref:/WORK/zigbee/DQPSK_CSK/Imag_Sync_FIFO/mem_reg[740][0]

-----------
ref:/WORK/zigbee/DQPSK_CSK/Real_Sync_FIFO/rd_from_addr_reg[11]
    Is globally unmatched affecting 4 compare point(s):
        imp:/WORK/zigbee/DQPSK_CSK/Real_Sync_FIFO/dout_reg[0]
        imp:/WORK/zigbee/DQPSK_CSK/Real_Sync_FIFO/dout_reg[1]
        imp:/WORK/zigbee/DQPSK_CSK/Real_Sync_FIFO/mem_reg[31][0]
        imp:/WORK/zigbee/DQPSK_CSK/Real_Sync_FIFO/mem_reg[31][1]

-----------
imp:/WORK/zigbee/DQPSK_CSK/Real_Sync_FIFO/dout_reg[0]/\*dff.00\*
    Matched with cell ref:/WORK/zigbee/DQPSK_CSK/Real_Sync_FIFO/dout_reg[0]
    Exists in the impl cone but not in the ref cone for 1 compare point(s):
        ref:/WORK/zigbee/DQPSK_CSK/Real_Sync_FIFO/dout_reg[0]

-----------
ref:/WORK/zigbee/DQPSK_CSK/Real_Sync_FIFO/mem_reg[2907][1]
    Is globally unmatched affecting 1 compare point(s):
        imp:/WORK/zigbee/DQPSK_CSK/Real_Sync_FIFO/dout_reg[1]

-----------
ref:/WORK/zigbee/DQPSK_CSK/Real_Sync_FIFO/mem_reg[3931][1]
    Is globally unmatched affecting 1 compare point(s):
        imp:/WORK/zigbee/DQPSK_CSK/Real_Sync_FIFO/dout_reg[1]

-----------
ref:/WORK/zigbee/DQPSK_CSK/Real_Sync_FIFO/wr_in_addr_reg[11]
    Is globally unmatched affecting 9 compare point(s):
        imp:/WORK/zigbee/DQPSK_CSK/Real_Sync_FIFO/mem_reg[133][0]
        imp:/WORK/zigbee/DQPSK_CSK/Real_Sync_FIFO/mem_reg[268][0]
        imp:/WORK/zigbee/DQPSK_CSK/Real_Sync_FIFO/mem_reg[268][1]
        imp:/WORK/zigbee/DQPSK_CSK/Real_Sync_FIFO/mem_reg[31][0]
        imp:/WORK/zigbee/DQPSK_CSK/Real_Sync_FIFO/mem_reg[31][1]
        imp:/WORK/zigbee/DQPSK_CSK/Real_Sync_FIFO/mem_reg[47][1]
        imp:/WORK/zigbee/DQPSK_CSK/Real_Sync_FIFO/mem_reg[570][1]
        imp:/WORK/zigbee/DQPSK_CSK/Real_Sync_FIFO/mem_reg[573][0]
        imp:/WORK/zigbee/DQPSK_CSK/Real_Sync_FIFO/mem_reg[573][1]

-----------
imp:/WORK/zigbee/DQPSK_CSK/Real_Sync_FIFO/mem_reg[133][0]/\*dff.00\*
    Matched with cell ref:/WORK/zigbee/DQPSK_CSK/Real_Sync_FIFO/mem_reg[133][0]
    Exists in the impl cone but not in the ref cone for 1 compare point(s):
        ref:/WORK/zigbee/DQPSK_CSK/Real_Sync_FIFO/mem_reg[133][0]

-----------
imp:/WORK/zigbee/DQPSK_CSK/Real_Sync_FIFO/mem_reg[251][0]/\*dff.00\*
    Matched with cell ref:/WORK/zigbee/DQPSK_CSK/Real_Sync_FIFO/mem_reg[251][0]
    Exists in the impl cone but not in the ref cone for 1 compare point(s):
        ref:/WORK/zigbee/DQPSK_CSK/Real_Sync_FIFO/mem_reg[251][0]

-----------
imp:/WORK/zigbee/DQPSK_CSK/Real_Sync_FIFO/mem_reg[251][1]/\*dff.00\*
    Matched with cell ref:/WORK/zigbee/DQPSK_CSK/Real_Sync_FIFO/mem_reg[251][1]
    Exists in the impl cone but not in the ref cone for 1 compare point(s):
        ref:/WORK/zigbee/DQPSK_CSK/Real_Sync_FIFO/mem_reg[251][1]

-----------
imp:/WORK/zigbee/DQPSK_CSK/Real_Sync_FIFO/mem_reg[268][0]/\*dff.00\*
    Matched with cell ref:/WORK/zigbee/DQPSK_CSK/Real_Sync_FIFO/mem_reg[268][0]
    Exists in the impl cone but not in the ref cone for 1 compare point(s):
        ref:/WORK/zigbee/DQPSK_CSK/Real_Sync_FIFO/mem_reg[268][0]

-----------
imp:/WORK/zigbee/DQPSK_CSK/Real_Sync_FIFO/mem_reg[268][1]/\*dff.00\*
    Matched with cell ref:/WORK/zigbee/DQPSK_CSK/Real_Sync_FIFO/mem_reg[268][1]
    Exists in the impl cone but not in the ref cone for 1 compare point(s):
        ref:/WORK/zigbee/DQPSK_CSK/Real_Sync_FIFO/mem_reg[268][1]

-----------
imp:/WORK/zigbee/DQPSK_CSK/Real_Sync_FIFO/mem_reg[31][0]/\*dff.00\*
    Matched with cell ref:/WORK/zigbee/DQPSK_CSK/Real_Sync_FIFO/mem_reg[31][0]
    Exists in the impl cone but not in the ref cone for 1 compare point(s):
        ref:/WORK/zigbee/DQPSK_CSK/Real_Sync_FIFO/mem_reg[31][0]

-----------
imp:/WORK/zigbee/DQPSK_CSK/Real_Sync_FIFO/mem_reg[31][1]/\*dff.00\*
    Matched with cell ref:/WORK/zigbee/DQPSK_CSK/Real_Sync_FIFO/mem_reg[31][1]
    Exists in the impl cone but not in the ref cone for 1 compare point(s):
        ref:/WORK/zigbee/DQPSK_CSK/Real_Sync_FIFO/mem_reg[31][1]

-----------
imp:/WORK/zigbee/DQPSK_CSK/Real_Sync_FIFO/mem_reg[47][1]/\*dff.00\*
    Matched with cell ref:/WORK/zigbee/DQPSK_CSK/Real_Sync_FIFO/mem_reg[47][1]
    Exists in the impl cone but not in the ref cone for 1 compare point(s):
        ref:/WORK/zigbee/DQPSK_CSK/Real_Sync_FIFO/mem_reg[47][1]

-----------
imp:/WORK/zigbee/DQPSK_CSK/Real_Sync_FIFO/mem_reg[570][1]/\*dff.00\*
    Matched with cell ref:/WORK/zigbee/DQPSK_CSK/Real_Sync_FIFO/mem_reg[570][1]
    Exists in the impl cone but not in the ref cone for 1 compare point(s):
        ref:/WORK/zigbee/DQPSK_CSK/Real_Sync_FIFO/mem_reg[570][1]

-----------
imp:/WORK/zigbee/DQPSK_CSK/Real_Sync_FIFO/mem_reg[573][0]/\*dff.00\*
    Matched with cell ref:/WORK/zigbee/DQPSK_CSK/Real_Sync_FIFO/mem_reg[573][0]
    Exists in the impl cone but not in the ref cone for 1 compare point(s):
        ref:/WORK/zigbee/DQPSK_CSK/Real_Sync_FIFO/mem_reg[573][0]

-----------
imp:/WORK/zigbee/DQPSK_CSK/Real_Sync_FIFO/mem_reg[573][1]/\*dff.00\*
    Matched with cell ref:/WORK/zigbee/DQPSK_CSK/Real_Sync_FIFO/mem_reg[573][1]
    Exists in the impl cone but not in the ref cone for 1 compare point(s):
        ref:/WORK/zigbee/DQPSK_CSK/Real_Sync_FIFO/mem_reg[573][1]

-----------
imp:/WORK/zigbee/DQPSK_CSK/Real_Sync_FIFO/mem_reg[739][0]/\*dff.00\*
    Matched with cell ref:/WORK/zigbee/DQPSK_CSK/Real_Sync_FIFO/mem_reg[739][0]
    Exists in the impl cone but not in the ref cone for 1 compare point(s):
        ref:/WORK/zigbee/DQPSK_CSK/Real_Sync_FIFO/mem_reg[739][0]

-----------
--------------------------------
Found 1 Rejected Guidance Command
--------------------------------
The rejection of some SVF guidance commands will almost invariably
cause verification failures. For more information use:
        'report_svf_operation -status rejected -command command_name
--------------------------------
reg_constant
-----------
--------------------------------
Found 16 Required Inputs
--------------------------------
A required input is one that is designated as required
for all failing patterns for one or more cpoints and fans out 
to more failing than passing points.
This implies that it may be driving downstream logic that is related to
the failure(s)
--------------------------------
imp:/WORK/zigbee/DQPSK_CSK/CSK_GEN_DUT/boundary_d_reg/\*dff.00\*
    Fans out to 4 failing and 0 passing points and has
    logic value '1' for 3 compare point(s):
        imp:/WORK/zigbee/DQPSK_CSK/Imag_Sync_FIFO/dout_reg[0]
        imp:/WORK/zigbee/DQPSK_CSK/Real_Sync_FIFO/dout_reg[0]
        imp:/WORK/zigbee/DQPSK_CSK/Real_Sync_FIFO/dout_reg[1]

-----------
imp:/WORK/zigbee/DQPSK_CSK/Imag_Sync_FIFO/rd_from_addr_reg[10]/\*dff.00\*
    Fans out to 6 failing and 0 passing points and has
    logic value '1' for 4 compare point(s):
        imp:/WORK/zigbee/DQPSK_CSK/Imag_Sync_FIFO/dout_reg[0]
        imp:/WORK/zigbee/DQPSK_CSK/Imag_Sync_FIFO/dout_reg[1]
        imp:/WORK/zigbee/DQPSK_CSK/Imag_Sync_FIFO/mem_reg[497][0]
        imp:/WORK/zigbee/DQPSK_CSK/Imag_Sync_FIFO/mem_reg[740][0]

-----------
imp:/WORK/zigbee/DQPSK_CSK/Imag_Sync_FIFO/rd_from_addr_reg[1]/\*dff.00\*
    Fans out to 6 failing and 0 passing points and has
    logic value '1' for 2 compare point(s):
        imp:/WORK/zigbee/DQPSK_CSK/Imag_Sync_FIFO/dout_reg[0]
        imp:/WORK/zigbee/DQPSK_CSK/Imag_Sync_FIFO/dout_reg[1]

-----------
imp:/WORK/zigbee/DQPSK_CSK/Imag_Sync_FIFO/rd_from_addr_reg[2]/\*dff.00\*
    Fans out to 6 failing and 0 passing points and has
    logic value '1' for 2 compare point(s):
        imp:/WORK/zigbee/DQPSK_CSK/Imag_Sync_FIFO/dout_reg[0]
        imp:/WORK/zigbee/DQPSK_CSK/Imag_Sync_FIFO/dout_reg[1]

-----------
imp:/WORK/zigbee/DQPSK_CSK/Imag_Sync_FIFO/rd_from_addr_reg[3]/\*dff.00\*
    Fans out to 6 failing and 0 passing points and has
    logic value '0' for 2 compare point(s):
        imp:/WORK/zigbee/DQPSK_CSK/Imag_Sync_FIFO/dout_reg[0]
        imp:/WORK/zigbee/DQPSK_CSK/Imag_Sync_FIFO/dout_reg[1]

-----------
imp:/WORK/zigbee/DQPSK_CSK/Imag_Sync_FIFO/rd_from_addr_reg[6]/\*dff.00\*
    Fans out to 6 failing and 0 passing points and has
    logic value '1' for 2 compare point(s):
        imp:/WORK/zigbee/DQPSK_CSK/Imag_Sync_FIFO/dout_reg[0]
        imp:/WORK/zigbee/DQPSK_CSK/Imag_Sync_FIFO/dout_reg[1]

-----------
imp:/WORK/zigbee/DQPSK_CSK/Imag_Sync_FIFO/rd_from_addr_reg[8]/\*dff.00\*
    Fans out to 6 failing and 0 passing points and has
    logic value '0' for 2 compare point(s):
        imp:/WORK/zigbee/DQPSK_CSK/Imag_Sync_FIFO/dout_reg[0]
        imp:/WORK/zigbee/DQPSK_CSK/Imag_Sync_FIFO/dout_reg[1]

-----------
imp:/WORK/zigbee/DQPSK_CSK/CSK_GEN_DUT/running_reg/\*dff.00\*
    Fans out to 4 failing and 2 passing points and has
    logic value '1' for 4 compare point(s):
        imp:/WORK/zigbee/DQPSK_CSK/Imag_Sync_FIFO/dout_reg[0]
        imp:/WORK/zigbee/DQPSK_CSK/Imag_Sync_FIFO/dout_reg[1]
        imp:/WORK/zigbee/DQPSK_CSK/Real_Sync_FIFO/dout_reg[0]
        imp:/WORK/zigbee/DQPSK_CSK/Real_Sync_FIFO/dout_reg[1]

-----------
imp:/WORK/zigbee/DQPSK_CSK/Imag_Sync_FIFO/wr_in_addr_reg[1]/\*dff.00\*
    Fans out to 6 failing and 0 passing points and has
    logic value '0' for 6 compare point(s):
        imp:/WORK/zigbee/DQPSK_CSK/Imag_Sync_FIFO/dout_reg[0]
        imp:/WORK/zigbee/DQPSK_CSK/Imag_Sync_FIFO/dout_reg[1]
        imp:/WORK/zigbee/DQPSK_CSK/Imag_Sync_FIFO/mem_reg[497][0]
        imp:/WORK/zigbee/DQPSK_CSK/Imag_Sync_FIFO/mem_reg[728][0]
        imp:/WORK/zigbee/DQPSK_CSK/Imag_Sync_FIFO/mem_reg[728][1]
        imp:/WORK/zigbee/DQPSK_CSK/Imag_Sync_FIFO/mem_reg[740][0]

-----------
imp:/WORK/zigbee/DQPSK_CSK/DQPSK_DUT/valid_reg/\*dff.00\*
    Fans out to 16 failing and 0 passing points and has
    logic value '1' for 16 compare point(s):
        imp:/WORK/zigbee/DQPSK_CSK/Imag_Sync_FIFO/mem_reg[497][0]
        imp:/WORK/zigbee/DQPSK_CSK/Imag_Sync_FIFO/mem_reg[728][0]
        imp:/WORK/zigbee/DQPSK_CSK/Imag_Sync_FIFO/mem_reg[728][1]
        imp:/WORK/zigbee/DQPSK_CSK/Imag_Sync_FIFO/mem_reg[740][0]
        imp:/WORK/zigbee/DQPSK_CSK/Real_Sync_FIFO/mem_reg[133][0]
        imp:/WORK/zigbee/DQPSK_CSK/Real_Sync_FIFO/mem_reg[251][0]
        imp:/WORK/zigbee/DQPSK_CSK/Real_Sync_FIFO/mem_reg[251][1]
        imp:/WORK/zigbee/DQPSK_CSK/Real_Sync_FIFO/mem_reg[268][0]
        imp:/WORK/zigbee/DQPSK_CSK/Real_Sync_FIFO/mem_reg[268][1]
        imp:/WORK/zigbee/DQPSK_CSK/Real_Sync_FIFO/mem_reg[31][0]
        imp:/WORK/zigbee/DQPSK_CSK/Real_Sync_FIFO/mem_reg[31][1]
        imp:/WORK/zigbee/DQPSK_CSK/Real_Sync_FIFO/mem_reg[47][1]
        imp:/WORK/zigbee/DQPSK_CSK/Real_Sync_FIFO/mem_reg[570][1]
        imp:/WORK/zigbee/DQPSK_CSK/Real_Sync_FIFO/mem_reg[573][0]
        imp:/WORK/zigbee/DQPSK_CSK/Real_Sync_FIFO/mem_reg[573][1]
        imp:/WORK/zigbee/DQPSK_CSK/Real_Sync_FIFO/mem_reg[739][0]

-----------
imp:/WORK/zigbee/DQPSK_CSK/Imag_Sync_FIFO/wr_in_addr_reg[10]/\*dff.00\*
    Fans out to 6 failing and 0 passing points and has
    logic value '1' for 2 compare point(s):
        imp:/WORK/zigbee/DQPSK_CSK/Imag_Sync_FIFO/mem_reg[497][0]
        imp:/WORK/zigbee/DQPSK_CSK/Imag_Sync_FIFO/mem_reg[740][0]

-----------
imp:/WORK/zigbee/DQPSK_CSK/Imag_Sync_FIFO/wr_in_addr_reg[6]/\*dff.00\*
    Fans out to 6 failing and 0 passing points and has
    logic value '1' for 4 compare point(s):
        imp:/WORK/zigbee/DQPSK_CSK/Imag_Sync_FIFO/mem_reg[497][0]
        imp:/WORK/zigbee/DQPSK_CSK/Imag_Sync_FIFO/mem_reg[728][0]
        imp:/WORK/zigbee/DQPSK_CSK/Imag_Sync_FIFO/mem_reg[728][1]
        imp:/WORK/zigbee/DQPSK_CSK/Imag_Sync_FIFO/mem_reg[740][0]

-----------
imp:/WORK/zigbee/DQPSK_CSK/Imag_Sync_FIFO/wr_in_addr_reg[7]/\*dff.00\*
    Fans out to 6 failing and 0 passing points and has
    logic value '1' for 4 compare point(s):
        imp:/WORK/zigbee/DQPSK_CSK/Imag_Sync_FIFO/mem_reg[497][0]
        imp:/WORK/zigbee/DQPSK_CSK/Imag_Sync_FIFO/mem_reg[728][0]
        imp:/WORK/zigbee/DQPSK_CSK/Imag_Sync_FIFO/mem_reg[728][1]
        imp:/WORK/zigbee/DQPSK_CSK/Imag_Sync_FIFO/mem_reg[740][0]

-----------
imp:/WORK/zigbee/DQPSK_CSK/Real_Sync_FIFO/rd_from_addr_reg[6]/\*dff.00\*
    Fans out to 14 failing and 0 passing points and has
    logic value '1' for 2 compare point(s):
        imp:/WORK/zigbee/DQPSK_CSK/Real_Sync_FIFO/dout_reg[0]
        imp:/WORK/zigbee/DQPSK_CSK/Real_Sync_FIFO/dout_reg[1]

-----------
imp:/WORK/zigbee/DQPSK_CSK/Real_Sync_FIFO/rd_from_addr_reg[8]/\*dff.00\*
    Fans out to 14 failing and 0 passing points and has
    logic value '1' for 4 compare point(s):
        imp:/WORK/zigbee/DQPSK_CSK/Real_Sync_FIFO/dout_reg[0]
        imp:/WORK/zigbee/DQPSK_CSK/Real_Sync_FIFO/dout_reg[1]
        imp:/WORK/zigbee/DQPSK_CSK/Real_Sync_FIFO/mem_reg[251][0]
        imp:/WORK/zigbee/DQPSK_CSK/Real_Sync_FIFO/mem_reg[251][1]

-----------
imp:/WORK/zigbee/DQPSK_CSK/Real_Sync_FIFO/rd_from_addr_reg[9]/\*dff.00\*
    Fans out to 14 failing and 0 passing points and has
    logic value '1' for 2 compare point(s):
        imp:/WORK/zigbee/DQPSK_CSK/Real_Sync_FIFO/dout_reg[0]
        imp:/WORK/zigbee/DQPSK_CSK/Real_Sync_FIFO/dout_reg[1]

-----------
--------------------------------
****************************************************************************************
Analysis Completed
1
####################################################################################
#########################################################
#### Section 8 : Reporting ####
#########################################################
####################################################################################
report_passing_points       > "../reports/passing_points.rpt"
report_failing_points       > "../reports/failing_points.rpt"
report_aborted_points       > "../reports/aborted_points.rpt"
report_unverified_points    > "../reports/unverified_points.rpt"
report_unmatched_points     > "../reports/unmatched_points.rpt"
report_error_candidates     > "../reports/error_candidates.rpt"
analyze_points -failing     > "../reports/failing_analysis.rpt"
start_gui
     1  source -echo -verbose ../script/syn_fm.tcl
1
/${rate}/failing_analysis.rpt"
Error: unknown command '/fast/failing_analysis.rpt"' (CMD-005)
Information: script '../script/syn_fm.tcl'
	stopped at line 148 due to error. (CMD-081)
fm_shell (verify)> source -echo -verbose ../script/syn_fm.tcl
####################################################################################
#########################################################
#### Section 1 : Config Definition ####
#########################################################
#################################################################################### 
##### Top Module #####
set top_module "zigbee"
zigbee
##### Work Library #####
define_design_lib work -path ./work
Warning: For current container imp, the logical library WORK has already been dumped to the physical library WORK. Skipping current mapping information.
 (FM-519)
0
##### Libraries #####
set lib_path "/home/ICer/Desktop/shared_folder/32nm_lib/dbs/*"
/home/ICer/Desktop/shared_folder/32nm_lib/dbs/*
set worst_library "saed32hvt_ss0p75vn40c"
saed32hvt_ss0p75vn40c
set SSLIB "/home/ICer/Desktop/shared_folder/32nm_lib/dbs/hvt/saed32hvt_ss0p75vn40c.db"
/home/ICer/Desktop/shared_folder/32nm_lib/dbs/hvt/saed32hvt_ss0p75vn40c.db
##### Operating Conditions #####
# set best_condition  "BEST"
# set worst_condition "WORST"
##### Formality Type #####
set fm_type "syn" ; #syn or dft 
syn
##### Reference Files #####
set ref_type "rtl" ; #rtl or netlist
rtl
set rtl_path  "/mnt/hgfs/Shared_Folder/ROBO/Zigbee/RTL"
/mnt/hgfs/Shared_Folder/ROBO/Zigbee/RTL
set rate "fast"
fast
remove_container -all
Removed container 'imp'
Information: Implementation design is no longer set (FM-071)
Removed container 'ref'
Information: Reference design is no longer set (FM-070)
Cleared container 'r'
Cleared container 'i'
1
####################################################################################
#########################################################
#### Section 2 : Guidance ####
#########################################################
#################################################################################### 
##### Synopsys setup variable ####
#set hdlin_ignore_full_case true
#set hdlin_ignore_parallel_case false
#set hdlin_warn_on_mismatch_message "FMR_ELAB-147"
#set hdlin_error_on_mismatch_message false
#set hdlin_unresolved_modules black_box
#set hdlin_enable_hier_naming true
#set verification_verify_unread_bbox_inputs false
#set verification_verify_unread_compare_points false
#set verification_ignore_unmatched_implementation_blackbox_input true
#set verification_set_undriven_signals X
#set verification_verify_directly_undriven_output false
#set verification_constant_prop_mode auto
#set verification_verify_directly_undriven_output true
set synopsys_auto_setup true
true
##### Formality Setup File #####
if {$rate == "fast"} {
       set param "F"
} elseif {$rate == "slow"} {
       set param "S"
} elseif {$rate == "hybrid"} {
       set param "H"
}
F
set_svf "../../$fm_type/generated_files/${rate}/svf/${top_module}_${param}.svf"
SVF set to '../../syn/generated_files/fast/svf/zigbee_F.svf'.
1
####################################################################################
#########################################################
#### Section 4 : Reference Container ####
#########################################################
####################################################################################
create_container ref 
Created container 'ref'
Current container set to 'ref'
1
current_container ref 
ref
if {$ref_type == "rtl"} {
    read_verilog -libname work -container ref "${rtl_path}/*.*v"
} else {
    read_verilog -libname work -netlist -container ref "../../$fm_type/generated_files/${rate}/$ref_type/$top_module.v"
}
Initializing DesignWare ...
Initialization Complete
Loading verilog file '/mnt/hgfs/Shared_Folder/ROBO/Zigbee/RTL/CSK_GEN.v'
Loading verilog file '/mnt/hgfs/Shared_Folder/ROBO/Zigbee/RTL/DF_SYNC.v'
Loading verilog file '/mnt/hgfs/Shared_Folder/ROBO/Zigbee/RTL/DQPSK.v'
Loading verilog file '/mnt/hgfs/Shared_Folder/ROBO/Zigbee/RTL/FIFO_mem.v'
Loading verilog file '/mnt/hgfs/Shared_Folder/ROBO/Zigbee/RTL/controller.v'
Loading verilog file '/mnt/hgfs/Shared_Folder/ROBO/Zigbee/RTL/dqpsk_csk_top.v'
Loading verilog file '/mnt/hgfs/Shared_Folder/ROBO/Zigbee/RTL/e_o_demux.v'
Loading verilog file '/mnt/hgfs/Shared_Folder/ROBO/Zigbee/RTL/form_ppdu.v'
Loading verilog file '/mnt/hgfs/Shared_Folder/ROBO/Zigbee/RTL/interleaver.v'
Loading verilog file '/mnt/hgfs/Shared_Folder/ROBO/Zigbee/RTL/mux2X1.v'
Loading verilog file '/mnt/hgfs/Shared_Folder/ROBO/Zigbee/RTL/payload_counter.v'
Loading verilog file '/mnt/hgfs/Shared_Folder/ROBO/Zigbee/RTL/posedge_detector.v'
Loading verilog file '/mnt/hgfs/Shared_Folder/ROBO/Zigbee/RTL/preamble_sfd_gen.v'
Loading verilog file '/mnt/hgfs/Shared_Folder/ROBO/Zigbee/RTL/qpsk_mapper.v'
Loading verilog file '/mnt/hgfs/Shared_Folder/ROBO/Zigbee/RTL/symbol_mapper.v'
Loading verilog file '/mnt/hgfs/Shared_Folder/ROBO/Zigbee/RTL/top_sym_to_ppdu.v'
Loading verilog file '/mnt/hgfs/Shared_Folder/ROBO/Zigbee/RTL/zeropadding.v'
Loading verilog file '/mnt/hgfs/Shared_Folder/ROBO/Zigbee/RTL/zigbee_asic.v'
Loading verilog file '/mnt/hgfs/Shared_Folder/ROBO/Zigbee/RTL/zigbee_fpga.v'
1
##### Read Reference technology libraries #####
read_db -container ref $SSLIB
Loading db file '/home/ICer/Desktop/shared_folder/32nm_lib/dbs/hvt/saed32hvt_ss0p75vn40c.db'
1
##### set the top Reference Design #####
set_top ref:/work/$top_module -parameter {rate_mode "F"}
Setting top design to 'ref:/WORK/zigbee'
Status:   Elaborating design zigbee  rate_mode"F" ...  
Information: Created design named 'zigbee_rate_moderate_modeF'. (FE-LINK-13)
Status:   Elaborating design FIFO_mem  FIFO_WIDTH=8, FIFO_DEPTH=128 ...  
Information: Created design named 'FIFO_mem_FIFO_WIDTH8_FIFO_DEPTH128'. (FE-LINK-13)
Status:   Elaborating design payload_counter  payload_w=8, max_payload_length=127 ...  
Information: Created design named 'payload_counter_payload_w8_max_payload_length127'. (FE-LINK-13)
Status:   Elaborating design zeropadding  payload_w=8, rate_mode="F", max_payload_length=127, header_length=12 ...  
Information: Created design named 'zeropadding_payload_w8_rate_modeF_max_payload_length127_header_length12'. (FE-LINK-13)
Status:   Elaborating design e_o_demux  rate_mode="F" ...  
Information: Created design named 'e_o_demux_rate_modeF'. (FE-LINK-13)
Status:   Elaborating design controller  rate_mode="F", max_payload_length=127 ...  
Information: Created design named 'controller_rate_modeF_max_payload_length127'. (FE-LINK-13)
Status:   Elaborating design top_sym_to_ppdu  rate_mode="F" ...  
Information: Created design named 'top_sym_to_ppdu_rate_modeF'. (FE-LINK-13)
Status:   Elaborating design preamble_sfd_gen  rate_mode="F" ...  
Information: Created design named 'preamble_sfd_gen_rate_modeF'. (FE-LINK-13)
Status:   Elaborating design symbol_mapper  rate_mode="F" ...  
Information: Created design named 'symbol_mapper_rate_modeF'. (FE-LINK-13)
Status:   Elaborating design FIFO_mem  FIFO_WIDTH=4, FIFO_DEPTH=64 ...  
Information: Created design named 'FIFO_mem_FIFO_WIDTH4_FIFO_DEPTH64'. (FE-LINK-13)
Status:   Elaborating design interleaver  rate_mode="F" ...  
Information: Created design named 'interleaver_rate_modeF'. (FE-LINK-13)
Status:   Elaborating design form_ppdu  rate_mode="F" ...  
Information: Created design named 'form_ppdu_rate_modeF'. (FE-LINK-13)
Status:   Elaborating design QPSK_mapper   ...  
Status:   Elaborating design dqpsk_csk_top  rate_mode="F", FIFO_DEPTH=1024, FIFO_WIDTH=2, WL=6 ...  
Information: Created design named 'dqpsk_csk_top_rate_modeF_FIFO_DEPTH1024_FIFO_WIDTH2_WL6'. (FE-LINK-13)
Status:   Elaborating design DQPSK   ...  
Status:   Elaborating design FIFO_mem  FIFO_WIDTH=2, FIFO_DEPTH=1024 ...  
Information: Created design named 'FIFO_mem_FIFO_WIDTH2_FIFO_DEPTH1024'. (FE-LINK-13)
Status:   Elaborating design CSK_GEN  WL=6 ...  
Information: Created design named 'CSK_GEN_WL6'. (FE-LINK-13)
Status:   Elaborating design posedge_detector   ...  
Status:  Implementing inferred operators...

************ Library Checking Summary ************
Warning:  8 unlinked power cell(s) with unread pg pins.
Warning:  1 unlinked power cell(s) with unread save/restore retention signals.
Warning:  72 unlinked power cell(s) with no power down function on an ff or latch.
        Use 'report_libraries -defects all' for more details.
**************************************************

Top design successfully set to 'ref:/WORK/zigbee_rate_moderate_modeF'
1
set_reference_design ref:/work/zigbee_rate_moderate_modeF
Reference design set to 'ref:/WORK/zigbee_rate_moderate_modeF'
1
####################################################################################
#########################################################
#### Section 5 : Implementation Container ####
#########################################################
#################################################################################### 
create_container imp 
Created container 'imp'
Current container set to 'imp'
1
current_container imp 
imp
##### Read Reference technology libraries #####
read_db -container imp $SSLIB
Loading db file '/home/ICer/Desktop/shared_folder/32nm_lib/dbs/hvt/saed32hvt_ss0p75vn40c.db'
1
read_verilog -libname work -netlist -container imp "../../$fm_type/generated_files/${rate}/netlist/${top_module}_${param}.v"
Loading verilog file '/mnt/hgfs/Shared_Folder/ROBO/Zigbee/ASIC_32/syn/generated_files/fast/netlist/zigbee_F.v'
1
##### set the top Reference Design #####
set_implementation_design imp:/work/$top_module
Implementation design set to 'imp:/WORK/zigbee'
1
set_top imp:/work/$top_module
Setting top design to 'imp:/WORK/zigbee'
Status:  Implementing inferred operators...

************ Library Checking Summary ************
Warning:  8 unlinked power cell(s) with unread pg pins.
Warning:  1 unlinked power cell(s) with unread save/restore retention signals.
Warning:  72 unlinked power cell(s) with no power down function on an ff or latch.
        Use 'report_libraries -defects all' for more details.
**************************************************

Top design successfully set to 'imp:/WORK/zigbee'
Implementation design set to 'imp:/WORK/zigbee'
1
####################################################################################
#########################################################
#### Section 6 : Start Matching ####
#########################################################
####################################################################################
##### Turn off DFT #####
# set_constant ref:/work/*/test_mode 0
# set_constant imp:/work/*/test_mode 0
match
Reference design is 'ref:/WORK/zigbee_rate_moderate_modeF'
Implementation design is 'imp:/WORK/zigbee'
Status:  Checking designs...
    Warning: 0 (2) undriven nets found in reference (implementation) design; see formality3.log for list (FM-399)
Status:  Building verification models...
Imp top is zigbee ; Ref top is zigbee_rate_moderate_modeF 
found rename opn, current name = zigbee_rate_modeF, new name = zigbee
Status:  Processing Guide Commands...

***************************** Guidance Summary *****************************
                                         Status
Command                 Accepted   Rejected  Unsupported  Unprocessed  Total
----------------------------------------------------------------------------
environment         :          5          0          0          0          5
instance_map        :         17          0          0          0         17
mark                :         22          0          0          0         22
multiplier          :          2          8          0          0         10
reg_constant        :         12          0          0          0         12
rename_design       :          1          0          0          0          1
replace             :          2          0          0          0          2
transformation
   map              :         48          0          0          0         48
   share            :         10          0          0          0         10
uniquify            :          1         18          0          0         19

Note: If verification succeeds you can safely ignore unaccepted guidance commands.

SVF files read:
      ../../syn/generated_files/fast/svf/zigbee_F.svf

SVF files produced:
  /mnt/hgfs/Shared_Folder/ROBO/Zigbee/ASIC_32/syn_fm/run/formality3_svf/
    svf.txt
****************************************************************************

Status:  Matching...
    
*********************************** Matching Results ***********************************    
 6171 Compare points matched by name    
 0 Compare points matched by signature analysis    
 0 Compare points matched by topology    
 18 Matched primary inputs, black-box outputs    
 0(0) Unmatched reference(implementation) compare points    
 0(0) Unmatched reference(implementation) primary inputs, black-box outputs    
 13(0) Unmatched reference(implementation) unread points    
****************************************************************************************

1
####################################################################################
#########################################################
#### Section 7 : Start Verification ####
#########################################################
####################################################################################
set successful [verify]
Reference design is 'ref:/WORK/zigbee'
Implementation design is 'imp:/WORK/zigbee'
    
*********************************** Matching Results ***********************************    
 6171 Compare points matched by name    
 0 Compare points matched by signature analysis    
 0 Compare points matched by topology    
 18 Matched primary inputs, black-box outputs    
 0(0) Unmatched reference(implementation) compare points    
 0(0) Unmatched reference(implementation) primary inputs, black-box outputs    
 13(0) Unmatched reference(implementation) unread points    
****************************************************************************************

Status:  Verifying...

***************************** Synopsys Auto Setup Summary ******************************

!!! Synopsys Auto Setup Mode was enabled. !!!
!!! Verification results are valid assuming the following setup constraints: !!!

### RTL Interpretation Setup
   set hdlin_ignore_parallel_case false
   set hdlin_ignore_full_case false
   set hdlin_error_on_mismatch_message false
   set hdlin_ignore_embedded_configuration true

### Undriven Signal Handling Setup
   set verification_set_undriven_signals synthesis

### Test Logic Setup
   set verification_verify_directly_undriven_output false
   For details see report_dont_verify_points and report_constants


For further details on Synopsys Auto Setup Mode: Type man synopsys_auto_setup
****************************************************************************************


********************************* Verification Results *********************************
Verification SUCCEEDED
   ATTENTION: synopsys_auto_setup mode was enabled.
              See Synopsys Auto Setup Summary for details.
----------------------------------------------------------
 Reference design: ref:/WORK/zigbee
 Implementation design: imp:/WORK/zigbee
 6171 Passing compare points
----------------------------------------------------------------------------------------
Matched Compare Points     BBPin    Loop   BBNet     Cut    Port     DFF     LAT   TOTAL
----------------------------------------------------------------------------------------
Passing (equivalent)           0       0       0       0      17    6154       0    6171
Failing (not equivalent)       0       0       0       0       0       0       0       0
****************************************************************************************
1
if {!$successful} {
diagnose 
analyze_points -failing
}
####################################################################################
#########################################################
#### Section 8 : Reporting ####
#########################################################
####################################################################################
report_passing_points       > "../reports/${rate}/passing_points.rpt"
report_failing_points       > "../reports/${rate}/failing_points.rpt"
report_aborted_points       > "../reports/${rate}/aborted_points.rpt"
report_unverified_points    > "../reports/${rate}/unverified_points.rpt"
report_unmatched_points     > "../reports/${rate}/unmatched_points.rpt"
report_error_candidates     > "../reports/${rate}/error_candidates.rpt"
analyze_points -failing     > "../reports/${rate}/failing_analysis.rpt"
start_gui
     1  source -echo -verbose ../script/syn_fm.tcl
     2  source -echo -verbose ../script/syn_fm.tcl
1
1
fm_shell (verify)> exit

Maximum memory usage for this session: 2193420 KB
CPU usage for this session: 555.47 seconds
Current time: Sun Sep 20 00:46:09 2026
Elapsed time: 1107 seconds

Thank you for using Formality (R)!
